2026-09-10 14:58:54,600 - root - INFO - Starting execution in mode: train, ablation: proposed
2026-09-10 14:58:55,634 - root - INFO - Using device: cuda
2026-09-10 14:58:55,635 - root - INFO - 
============================================================
2026-09-10 14:58:55,635 - root - INFO - Training Fold 1/5
2026-09-10 14:58:55,635 - root - INFO - ============================================================
2026-09-10 14:59:02,476 - timm.models._builder - INFO - Loading pretrained weights from Hugging Face hub (timm/swinv2_large_window12to16_192to256.ms_in22k_ft_in1k)
2026-09-10 14:59:02,504 - timm.models._hub - INFO - [timm/swinv2_large_window12to16_192to256.ms_in22k_ft_in1k] Safe alternative available for 'pytorch_model.bin' (as 'model.safetensors'). Loading weights using safetensors.
2026-09-10 14:59:05,482 - timm.models._builder - INFO - Missing keys (head.fc.weight, head.fc.bias) discovered while loading pretrained weights. This is expected if model is being adapted.
2026-09-10 14:59:07,693 - src.training.trainer - INFO - Starting training...
2026-09-10 14:59:07,693 - src.training.trainer - INFO - Training Fold 1
2026-09-10 15:00:37,025 - src.training.trainer - INFO - Epoch 1/80
2026-09-10 15:00:37,025 - src.training.trainer - INFO - [Train] Loss: 3.1895, Acc: 0.3036, Precision: 0.3169, Recall: 0.3046, F1: 0.2843, QWK: 0.3198
2026-09-10 15:00:37,025 - src.training.trainer - INFO - [Val] Loss: 1.3855, Acc: 0.5229, Precision: 0.3125, Recall: 0.4899, F1: 0.3547, QWK: 0.7199
2026-09-10 15:00:38,128 - src.training.trainer - INFO - New best model saved at epoch 1 with QWK 0.7199
2026-09-10 15:02:00,598 - src.training.trainer - INFO - Epoch 2/80
2026-09-10 15:02:00,600 - src.training.trainer - INFO - [Train] Loss: 2.3160, Acc: 0.4597, Precision: 0.4794, Recall: 0.4502, F1: 0.4107, QWK: 0.6050
2026-09-10 15:02:00,600 - src.training.trainer - INFO - [Val] Loss: 1.2211, Acc: 0.5991, Precision: 0.5579, Recall: 0.5468, F1: 0.4050, QWK: 0.7625
2026-09-10 15:02:01,706 - src.training.trainer - INFO - New best model saved at epoch 2 with QWK 0.7625
2026-09-10 15:03:24,412 - src.training.trainer - INFO - Epoch 3/80
2026-09-10 15:03:24,412 - src.training.trainer - INFO - [Train] Loss: 2.0236, Acc: 0.5038, Precision: 0.5689, Recall: 0.4974, F1: 0.4632, QWK: 0.6402
2026-09-10 15:03:24,413 - src.training.trainer - INFO - [Val] Loss: 1.0676, Acc: 0.6143, Precision: 0.5389, Recall: 0.5598, F1: 0.4534, QWK: 0.8014
2026-09-10 15:03:25,667 - src.training.trainer - INFO - New best model saved at epoch 3 with QWK 0.8014
2026-09-10 15:04:48,883 - src.training.trainer - INFO - Epoch 4/80
2026-09-10 15:04:48,883 - src.training.trainer - INFO - [Train] Loss: 1.7278, Acc: 0.5217, Precision: 0.6325, Recall: 0.5220, F1: 0.4834, QWK: 0.6709
2026-09-10 15:04:48,883 - src.training.trainer - INFO - [Val] Loss: 0.8980, Acc: 0.6357, Precision: 0.5852, Recall: 0.6391, F1: 0.5243, QWK: 0.7890
2026-09-10 15:06:11,541 - src.training.trainer - INFO - Epoch 5/80
2026-09-10 15:06:11,541 - src.training.trainer - INFO - [Train] Loss: 1.5895, Acc: 0.5805, Precision: 0.6213, Recall: 0.5805, F1: 0.5511, QWK: 0.7115
2026-09-10 15:06:11,541 - src.training.trainer - INFO - [Val] Loss: 0.9614, Acc: 0.6692, Precision: 0.5971, Recall: 0.6620, F1: 0.5214, QWK: 0.8220
2026-09-10 15:06:12,671 - src.training.trainer - INFO - New best model saved at epoch 5 with QWK 0.8220
2026-09-10 15:07:35,332 - src.training.trainer - INFO - Epoch 6/80
2026-09-10 15:07:35,332 - src.training.trainer - INFO - [Train] Loss: 1.4637, Acc: 0.6007, Precision: 0.6494, Recall: 0.5949, F1: 0.5699, QWK: 0.6936
2026-09-10 15:07:35,332 - src.training.trainer - INFO - [Val] Loss: 0.8560, Acc: 0.7119, Precision: 0.6065, Recall: 0.6854, F1: 0.5698, QWK: 0.8286
2026-09-10 15:07:36,452 - src.training.trainer - INFO - New best model saved at epoch 6 with QWK 0.8286
2026-09-10 15:08:59,615 - src.training.trainer - INFO - Epoch 7/80
2026-09-10 15:08:59,617 - src.training.trainer - INFO - [Train] Loss: 1.2429, Acc: 0.6280, Precision: 0.6801, Recall: 0.6277, F1: 0.6013, QWK: 0.7299
2026-09-10 15:08:59,617 - src.training.trainer - INFO - [Val] Loss: 0.8577, Acc: 0.7393, Precision: 0.6160, Recall: 0.6729, F1: 0.6011, QWK: 0.8521
2026-09-10 15:09:00,768 - src.training.trainer - INFO - New best model saved at epoch 7 with QWK 0.8521
2026-09-10 15:10:23,991 - src.training.trainer - INFO - Epoch 8/80
2026-09-10 15:10:23,991 - src.training.trainer - INFO - [Train] Loss: 1.2740, Acc: 0.6497, Precision: 0.6896, Recall: 0.6451, F1: 0.6226, QWK: 0.7615
2026-09-10 15:10:23,991 - src.training.trainer - INFO - [Val] Loss: 0.8594, Acc: 0.7317, Precision: 0.6465, Recall: 0.6436, F1: 0.5934, QWK: 0.8552
2026-09-10 15:10:25,264 - src.training.trainer - INFO - New best model saved at epoch 8 with QWK 0.8552
2026-09-10 15:11:48,012 - src.training.trainer - INFO - Epoch 9/80
2026-09-10 15:11:48,013 - src.training.trainer - INFO - [Train] Loss: 1.1368, Acc: 0.6926, Precision: 0.7279, Recall: 0.6887, F1: 0.6685, QWK: 0.7751
2026-09-10 15:11:48,013 - src.training.trainer - INFO - [Val] Loss: 0.7000, Acc: 0.7805, Precision: 0.6443, Recall: 0.7200, F1: 0.6600, QWK: 0.8780
2026-09-10 15:11:49,167 - src.training.trainer - INFO - New best model saved at epoch 9 with QWK 0.8780
2026-09-10 15:13:11,354 - src.training.trainer - INFO - Epoch 10/80
2026-09-10 15:13:11,355 - src.training.trainer - INFO - [Train] Loss: 0.9756, Acc: 0.6903, Precision: 0.7304, Recall: 0.6961, F1: 0.6658, QWK: 0.7867
2026-09-10 15:13:11,355 - src.training.trainer - INFO - [Val] Loss: 0.9136, Acc: 0.7424, Precision: 0.6548, Recall: 0.6776, F1: 0.6218, QWK: 0.8707
2026-09-10 15:14:34,356 - src.training.trainer - INFO - Epoch 11/80
2026-09-10 15:14:34,357 - src.training.trainer - INFO - [Train] Loss: 0.8986, Acc: 0.7268, Precision: 0.7513, Recall: 0.7231, F1: 0.7033, QWK: 0.7770
2026-09-10 15:14:34,357 - src.training.trainer - INFO - [Val] Loss: 0.7545, Acc: 0.7713, Precision: 0.6463, Recall: 0.7101, F1: 0.6454, QWK: 0.8714
2026-09-10 15:15:57,712 - src.training.trainer - INFO - Epoch 12/80
2026-09-10 15:15:57,713 - src.training.trainer - INFO - [Train] Loss: 1.0247, Acc: 0.6934, Precision: 0.7225, Recall: 0.6943, F1: 0.6644, QWK: 0.7639
2026-09-10 15:15:57,713 - src.training.trainer - INFO - [Val] Loss: 0.7607, Acc: 0.7896, Precision: 0.6596, Recall: 0.7018, F1: 0.6606, QWK: 0.8977
2026-09-10 15:15:58,889 - src.training.trainer - INFO - New best model saved at epoch 12 with QWK 0.8977
2026-09-10 15:17:22,050 - src.training.trainer - INFO - Epoch 13/80
2026-09-10 15:17:22,050 - src.training.trainer - INFO - [Train] Loss: 0.9138, Acc: 0.7340, Precision: 0.7641, Recall: 0.7311, F1: 0.7106, QWK: 0.8125
2026-09-10 15:17:22,050 - src.training.trainer - INFO - [Val] Loss: 0.7152, Acc: 0.7927, Precision: 0.6687, Recall: 0.7145, F1: 0.6726, QWK: 0.9026
2026-09-10 15:17:23,210 - src.training.trainer - INFO - New best model saved at epoch 13 with QWK 0.9026
2026-09-10 15:18:46,573 - src.training.trainer - INFO - Epoch 14/80
2026-09-10 15:18:46,573 - src.training.trainer - INFO - [Train] Loss: 0.8156, Acc: 0.7675, Precision: 0.7837, Recall: 0.7623, F1: 0.7477, QWK: 0.8237
2026-09-10 15:18:46,574 - src.training.trainer - INFO - [Val] Loss: 0.7039, Acc: 0.7774, Precision: 0.6543, Recall: 0.7297, F1: 0.6593, QWK: 0.8963
2026-09-10 15:20:09,358 - src.training.trainer - INFO - Epoch 15/80
2026-09-10 15:20:09,359 - src.training.trainer - INFO - [Train] Loss: 0.7079, Acc: 0.7796, Precision: 0.7938, Recall: 0.7761, F1: 0.7626, QWK: 0.8336
2026-09-10 15:20:09,359 - src.training.trainer - INFO - [Val] Loss: 0.7830, Acc: 0.7652, Precision: 0.6339, Recall: 0.6981, F1: 0.6336, QWK: 0.8681
2026-09-10 15:21:32,124 - src.training.trainer - INFO - Epoch 16/80
2026-09-10 15:21:32,125 - src.training.trainer - INFO - [Train] Loss: 0.6636, Acc: 0.7967, Precision: 0.8103, Recall: 0.7941, F1: 0.7830, QWK: 0.8565
2026-09-10 15:21:32,125 - src.training.trainer - INFO - [Val] Loss: 0.7187, Acc: 0.8308, Precision: 0.7054, Recall: 0.7132, F1: 0.7071, QWK: 0.9086
2026-09-10 15:21:33,311 - src.training.trainer - INFO - New best model saved at epoch 16 with QWK 0.9086
2026-09-10 15:22:55,586 - src.training.trainer - INFO - Epoch 17/80
2026-09-10 15:22:55,586 - src.training.trainer - INFO - [Train] Loss: 0.7698, Acc: 0.7785, Precision: 0.8020, Recall: 0.7760, F1: 0.7664, QWK: 0.8392
2026-09-10 15:22:55,586 - src.training.trainer - INFO - [Val] Loss: 0.7608, Acc: 0.8079, Precision: 0.6788, Recall: 0.6942, F1: 0.6808, QWK: 0.9026
2026-09-10 15:24:18,509 - src.training.trainer - INFO - Epoch 18/80
2026-09-10 15:24:18,510 - src.training.trainer - INFO - [Train] Loss: 0.6371, Acc: 0.8070, Precision: 0.8228, Recall: 0.8059, F1: 0.8007, QWK: 0.8405
2026-09-10 15:24:18,510 - src.training.trainer - INFO - [Val] Loss: 0.8718, Acc: 0.7363, Precision: 0.6069, Recall: 0.6815, F1: 0.5982, QWK: 0.8433
2026-09-10 15:25:40,929 - src.training.trainer - INFO - Epoch 19/80
2026-09-10 15:25:40,929 - src.training.trainer - INFO - [Train] Loss: 0.6106, Acc: 0.8093, Precision: 0.8243, Recall: 0.8123, F1: 0.8036, QWK: 0.8550
2026-09-10 15:25:40,929 - src.training.trainer - INFO - [Val] Loss: 0.7795, Acc: 0.7805, Precision: 0.6369, Recall: 0.6905, F1: 0.6475, QWK: 0.8803
2026-09-10 15:27:03,946 - src.training.trainer - INFO - Epoch 20/80
2026-09-10 15:27:03,947 - src.training.trainer - INFO - [Train] Loss: 0.6497, Acc: 0.8066, Precision: 0.8205, Recall: 0.8040, F1: 0.7977, QWK: 0.8530
2026-09-10 15:27:03,947 - src.training.trainer - INFO - [Val] Loss: 0.7594, Acc: 0.7988, Precision: 0.6643, Recall: 0.6927, F1: 0.6678, QWK: 0.8933
2026-09-10 15:28:26,870 - src.training.trainer - INFO - Epoch 21/80
2026-09-10 15:28:26,871 - src.training.trainer - INFO - [Train] Loss: 0.6521, Acc: 0.8043, Precision: 0.8230, Recall: 0.8110, F1: 0.8028, QWK: 0.8673
2026-09-10 15:28:26,871 - src.training.trainer - INFO - [Val] Loss: 0.7001, Acc: 0.7988, Precision: 0.6623, Recall: 0.7104, F1: 0.6758, QWK: 0.8872
2026-09-10 15:29:50,355 - src.training.trainer - INFO - Epoch 22/80
2026-09-10 15:29:50,355 - src.training.trainer - INFO - [Train] Loss: 0.5904, Acc: 0.8332, Precision: 0.8403, Recall: 0.8291, F1: 0.8254, QWK: 0.8579
2026-09-10 15:29:50,355 - src.training.trainer - INFO - [Val] Loss: 0.7087, Acc: 0.8034, Precision: 0.6699, Recall: 0.6955, F1: 0.6725, QWK: 0.9017
2026-09-10 15:31:13,410 - src.training.trainer - INFO - Epoch 23/80
2026-09-10 15:31:13,411 - src.training.trainer - INFO - [Train] Loss: 0.5131, Acc: 0.8188, Precision: 0.8296, Recall: 0.8211, F1: 0.8144, QWK: 0.8580
2026-09-10 15:31:13,411 - src.training.trainer - INFO - [Val] Loss: 0.7666, Acc: 0.8155, Precision: 0.6949, Recall: 0.6958, F1: 0.6861, QWK: 0.9092
2026-09-10 15:31:14,578 - src.training.trainer - INFO - New best model saved at epoch 23 with QWK 0.9092
2026-09-10 15:32:37,257 - src.training.trainer - INFO - Epoch 24/80
2026-09-10 15:32:37,257 - src.training.trainer - INFO - [Train] Loss: 0.6436, Acc: 0.8260, Precision: 0.8398, Recall: 0.8220, F1: 0.8195, QWK: 0.8629
2026-09-10 15:32:37,257 - src.training.trainer - INFO - [Val] Loss: 0.7887, Acc: 0.8430, Precision: 0.7276, Recall: 0.6975, F1: 0.7078, QWK: 0.9167
2026-09-10 15:32:38,412 - src.training.trainer - INFO - New best model saved at epoch 24 with QWK 0.9167
2026-09-10 15:34:01,444 - src.training.trainer - INFO - Epoch 25/80
2026-09-10 15:34:01,445 - src.training.trainer - INFO - [Train] Loss: 0.5466, Acc: 0.8332, Precision: 0.8454, Recall: 0.8308, F1: 0.8288, QWK: 0.8585
2026-09-10 15:34:01,445 - src.training.trainer - INFO - [Val] Loss: 0.6873, Acc: 0.8095, Precision: 0.6745, Recall: 0.7009, F1: 0.6807, QWK: 0.9052
2026-09-10 15:35:24,691 - src.training.trainer - INFO - Epoch 26/80
2026-09-10 15:35:24,692 - src.training.trainer - INFO - [Train] Loss: 0.5381, Acc: 0.8560, Precision: 0.8627, Recall: 0.8552, F1: 0.8544, QWK: 0.8877
2026-09-10 15:35:24,692 - src.training.trainer - INFO - [Val] Loss: 0.7346, Acc: 0.8277, Precision: 0.7088, Recall: 0.6959, F1: 0.6945, QWK: 0.9145
2026-09-10 15:36:47,560 - src.training.trainer - INFO - Epoch 27/80
2026-09-10 15:36:47,561 - src.training.trainer - INFO - [Train] Loss: 0.5137, Acc: 0.8522, Precision: 0.8612, Recall: 0.8531, F1: 0.8504, QWK: 0.8939
2026-09-10 15:36:47,561 - src.training.trainer - INFO - [Val] Loss: 0.7984, Acc: 0.8354, Precision: 0.7140, Recall: 0.6930, F1: 0.7005, QWK: 0.9138
2026-09-10 15:38:10,975 - src.training.trainer - INFO - Epoch 28/80
2026-09-10 15:38:10,975 - src.training.trainer - INFO - [Train] Loss: 0.4628, Acc: 0.8663, Precision: 0.8714, Recall: 0.8694, F1: 0.8670, QWK: 0.8951
2026-09-10 15:38:10,975 - src.training.trainer - INFO - [Val] Loss: 0.7659, Acc: 0.8262, Precision: 0.7021, Recall: 0.6870, F1: 0.6899, QWK: 0.9132
2026-09-10 15:39:33,846 - src.training.trainer - INFO - Epoch 29/80
2026-09-10 15:39:33,847 - src.training.trainer - INFO - [Train] Loss: 0.5206, Acc: 0.8716, Precision: 0.8770, Recall: 0.8719, F1: 0.8700, QWK: 0.8939
2026-09-10 15:39:33,847 - src.training.trainer - INFO - [Val] Loss: 0.7447, Acc: 0.8338, Precision: 0.7161, Recall: 0.7100, F1: 0.7079, QWK: 0.9226
2026-09-10 15:39:35,026 - src.training.trainer - INFO - New best model saved at epoch 29 with QWK 0.9226
2026-09-10 15:40:57,768 - src.training.trainer - INFO - Epoch 30/80
2026-09-10 15:40:57,768 - src.training.trainer - INFO - [Train] Loss: 0.5384, Acc: 0.8674, Precision: 0.8759, Recall: 0.8652, F1: 0.8649, QWK: 0.8765
2026-09-10 15:40:57,768 - src.training.trainer - INFO - [Val] Loss: 0.8237, Acc: 0.8354, Precision: 0.7169, Recall: 0.6863, F1: 0.6968, QWK: 0.9175
2026-09-10 15:42:20,052 - src.training.trainer - INFO - Epoch 31/80
2026-09-10 15:42:20,053 - src.training.trainer - INFO - [Train] Loss: 0.4748, Acc: 0.8739, Precision: 0.8810, Recall: 0.8746, F1: 0.8733, QWK: 0.9101
2026-09-10 15:42:20,053 - src.training.trainer - INFO - [Val] Loss: 0.7588, Acc: 0.8308, Precision: 0.7068, Recall: 0.6975, F1: 0.6979, QWK: 0.9132
2026-09-10 15:43:43,258 - src.training.trainer - INFO - Epoch 32/80
2026-09-10 15:43:43,259 - src.training.trainer - INFO - [Train] Loss: 0.4240, Acc: 0.8917, Precision: 0.8965, Recall: 0.8875, F1: 0.8881, QWK: 0.9201
2026-09-10 15:43:43,259 - src.training.trainer - INFO - [Val] Loss: 0.9056, Acc: 0.8445, Precision: 0.7360, Recall: 0.6846, F1: 0.7038, QWK: 0.9194
2026-09-10 15:45:06,416 - src.training.trainer - INFO - Epoch 33/80
2026-09-10 15:45:06,417 - src.training.trainer - INFO - [Train] Loss: 0.4822, Acc: 0.8670, Precision: 0.8726, Recall: 0.8710, F1: 0.8681, QWK: 0.8916
2026-09-10 15:45:06,417 - src.training.trainer - INFO - [Val] Loss: 0.7554, Acc: 0.8369, Precision: 0.7167, Recall: 0.6989, F1: 0.7038, QWK: 0.9160
2026-09-10 15:46:29,437 - src.training.trainer - INFO - Epoch 34/80
2026-09-10 15:46:29,437 - src.training.trainer - INFO - [Train] Loss: 0.4933, Acc: 0.8697, Precision: 0.8749, Recall: 0.8661, F1: 0.8667, QWK: 0.8823
2026-09-10 15:46:29,437 - src.training.trainer - INFO - [Val] Loss: 0.8166, Acc: 0.8415, Precision: 0.7228, Recall: 0.6899, F1: 0.7031, QWK: 0.9175
2026-09-10 15:47:51,992 - src.training.trainer - INFO - Epoch 35/80
2026-09-10 15:47:51,993 - src.training.trainer - INFO - [Train] Loss: 0.4082, Acc: 0.8701, Precision: 0.8738, Recall: 0.8692, F1: 0.8682, QWK: 0.8886
2026-09-10 15:47:51,993 - src.training.trainer - INFO - [Val] Loss: 0.9032, Acc: 0.8491, Precision: 0.7416, Recall: 0.6942, F1: 0.7120, QWK: 0.9161
2026-09-10 15:49:14,729 - src.training.trainer - INFO - Epoch 36/80
2026-09-10 15:49:14,729 - src.training.trainer - INFO - [Train] Loss: 0.4304, Acc: 0.8841, Precision: 0.8868, Recall: 0.8842, F1: 0.8840, QWK: 0.8946
2026-09-10 15:49:14,729 - src.training.trainer - INFO - [Val] Loss: 0.8038, Acc: 0.8445, Precision: 0.7266, Recall: 0.7008, F1: 0.7114, QWK: 0.9144
2026-09-10 15:50:37,310 - src.training.trainer - INFO - Epoch 37/80
2026-09-10 15:50:37,310 - src.training.trainer - INFO - [Train] Loss: 0.3794, Acc: 0.8891, Precision: 0.8926, Recall: 0.8910, F1: 0.8897, QWK: 0.9006
2026-09-10 15:50:37,310 - src.training.trainer - INFO - [Val] Loss: 0.7888, Acc: 0.8476, Precision: 0.7276, Recall: 0.6972, F1: 0.7097, QWK: 0.9123
2026-09-10 15:52:00,497 - src.training.trainer - INFO - Epoch 38/80
2026-09-10 15:52:00,497 - src.training.trainer - INFO - [Train] Loss: 0.3589, Acc: 0.8986, Precision: 0.8998, Recall: 0.8983, F1: 0.8979, QWK: 0.9005
2026-09-10 15:52:00,497 - src.training.trainer - INFO - [Val] Loss: 0.7825, Acc: 0.8430, Precision: 0.7173, Recall: 0.7077, F1: 0.7104, QWK: 0.9107
2026-09-10 15:53:23,921 - src.training.trainer - INFO - Epoch 39/80
2026-09-10 15:53:23,921 - src.training.trainer - INFO - [Train] Loss: 0.4035, Acc: 0.8910, Precision: 0.8954, Recall: 0.8904, F1: 0.8909, QWK: 0.9047
2026-09-10 15:53:23,921 - src.training.trainer - INFO - [Val] Loss: 0.7996, Acc: 0.8445, Precision: 0.7220, Recall: 0.6971, F1: 0.7076, QWK: 0.9080
2026-09-10 15:54:46,382 - src.training.trainer - INFO - Epoch 40/80
2026-09-10 15:54:46,384 - src.training.trainer - INFO - [Train] Loss: 0.4106, Acc: 0.9001, Precision: 0.9039, Recall: 0.9007, F1: 0.8999, QWK: 0.9091
2026-09-10 15:54:46,384 - src.training.trainer - INFO - [Val] Loss: 0.7706, Acc: 0.8354, Precision: 0.7011, Recall: 0.6904, F1: 0.6944, QWK: 0.9080
2026-09-10 15:56:09,017 - src.training.trainer - INFO - Epoch 41/80
2026-09-10 15:56:09,019 - src.training.trainer - INFO - [Train] Loss: 0.4034, Acc: 0.8834, Precision: 0.8867, Recall: 0.8832, F1: 0.8834, QWK: 0.8829
2026-09-10 15:56:09,019 - src.training.trainer - INFO - [Val] Loss: 0.9030, Acc: 0.8369, Precision: 0.7181, Recall: 0.6680, F1: 0.6876, QWK: 0.9106
2026-09-10 15:57:31,936 - src.training.trainer - INFO - Epoch 42/80
2026-09-10 15:57:31,938 - src.training.trainer - INFO - [Train] Loss: 0.4203, Acc: 0.8807, Precision: 0.8839, Recall: 0.8812, F1: 0.8806, QWK: 0.8842
2026-09-10 15:57:31,938 - src.training.trainer - INFO - [Val] Loss: 0.8513, Acc: 0.8384, Precision: 0.7088, Recall: 0.6751, F1: 0.6881, QWK: 0.9106
2026-09-10 15:58:54,780 - src.training.trainer - INFO - Epoch 43/80
2026-09-10 15:58:54,781 - src.training.trainer - INFO - [Train] Loss: 0.4017, Acc: 0.8894, Precision: 0.8916, Recall: 0.8892, F1: 0.8884, QWK: 0.9013
2026-09-10 15:58:54,781 - src.training.trainer - INFO - [Val] Loss: 0.9296, Acc: 0.8415, Precision: 0.7151, Recall: 0.6770, F1: 0.6922, QWK: 0.9073
2026-09-10 16:00:17,984 - src.training.trainer - INFO - Epoch 44/80
2026-09-10 16:00:17,984 - src.training.trainer - INFO - [Train] Loss: 0.4003, Acc: 0.8986, Precision: 0.9006, Recall: 0.8984, F1: 0.8980, QWK: 0.8914
2026-09-10 16:00:17,984 - src.training.trainer - INFO - [Val] Loss: 0.8339, Acc: 0.8445, Precision: 0.7214, Recall: 0.6759, F1: 0.6940, QWK: 0.9096
2026-09-10 16:01:40,809 - src.training.trainer - INFO - Epoch 45/80
2026-09-10 16:01:40,809 - src.training.trainer - INFO - [Train] Loss: 0.3138, Acc: 0.9278, Precision: 0.9296, Recall: 0.9283, F1: 0.9280, QWK: 0.9278
2026-09-10 16:01:40,810 - src.training.trainer - INFO - [Val] Loss: 0.9370, Acc: 0.8415, Precision: 0.7344, Recall: 0.6649, F1: 0.6905, QWK: 0.9088
2026-09-10 16:03:03,510 - src.training.trainer - INFO - Epoch 46/80
2026-09-10 16:03:03,510 - src.training.trainer - INFO - [Train] Loss: 0.3445, Acc: 0.8982, Precision: 0.9019, Recall: 0.8975, F1: 0.8978, QWK: 0.9002
2026-09-10 16:03:03,510 - src.training.trainer - INFO - [Val] Loss: 1.0063, Acc: 0.8430, Precision: 0.7376, Recall: 0.6660, F1: 0.6921, QWK: 0.9093
2026-09-10 16:04:26,683 - src.training.trainer - INFO - Epoch 47/80
2026-09-10 16:04:26,684 - src.training.trainer - INFO - [Train] Loss: 0.3973, Acc: 0.9119, Precision: 0.9147, Recall: 0.9117, F1: 0.9119, QWK: 0.9150
2026-09-10 16:04:26,684 - src.training.trainer - INFO - [Val] Loss: 0.9641, Acc: 0.8491, Precision: 0.7432, Recall: 0.6869, F1: 0.7089, QWK: 0.9155
2026-09-10 16:05:49,319 - src.training.trainer - INFO - Epoch 48/80
2026-09-10 16:05:49,319 - src.training.trainer - INFO - [Train] Loss: 0.3565, Acc: 0.9141, Precision: 0.9159, Recall: 0.9152, F1: 0.9141, QWK: 0.9203
2026-09-10 16:05:49,319 - src.training.trainer - INFO - [Val] Loss: 0.9067, Acc: 0.8491, Precision: 0.7425, Recall: 0.6824, F1: 0.7054, QWK: 0.9165
2026-09-10 16:07:12,280 - src.training.trainer - INFO - Epoch 49/80
2026-09-10 16:07:12,281 - src.training.trainer - INFO - [Train] Loss: 0.3258, Acc: 0.9043, Precision: 0.9075, Recall: 0.9025, F1: 0.9036, QWK: 0.9014
2026-09-10 16:07:12,281 - src.training.trainer - INFO - [Val] Loss: 0.8686, Acc: 0.8430, Precision: 0.7349, Recall: 0.6679, F1: 0.6928, QWK: 0.9094
2026-09-10 16:08:35,286 - src.training.trainer - INFO - Epoch 50/80
2026-09-10 16:08:35,286 - src.training.trainer - INFO - [Train] Loss: 0.2850, Acc: 0.9168, Precision: 0.9201, Recall: 0.9166, F1: 0.9169, QWK: 0.9053
2026-09-10 16:08:35,286 - src.training.trainer - INFO - [Val] Loss: 1.0547, Acc: 0.8460, Precision: 0.7436, Recall: 0.6674, F1: 0.6947, QWK: 0.9085
2026-09-10 16:09:58,694 - src.training.trainer - INFO - Epoch 51/80
2026-09-10 16:09:58,694 - src.training.trainer - INFO - [Train] Loss: 0.3411, Acc: 0.9122, Precision: 0.9158, Recall: 0.9117, F1: 0.9125, QWK: 0.9040
2026-09-10 16:09:58,695 - src.training.trainer - INFO - [Val] Loss: 0.9918, Acc: 0.8460, Precision: 0.7389, Recall: 0.6710, F1: 0.6960, QWK: 0.9137
2026-09-10 16:09:58,705 - src.training.trainer - INFO - SWA updated (n=1)
2026-09-10 16:11:21,659 - src.training.trainer - INFO - Epoch 52/80
2026-09-10 16:11:21,659 - src.training.trainer - INFO - [Train] Loss: 0.3846, Acc: 0.9046, Precision: 0.9088, Recall: 0.9027, F1: 0.9041, QWK: 0.9057
2026-09-10 16:11:21,659 - src.training.trainer - INFO - [Val] Loss: 0.9710, Acc: 0.8491, Precision: 0.7488, Recall: 0.6778, F1: 0.7039, QWK: 0.9133
2026-09-10 16:11:21,672 - src.training.trainer - INFO - SWA updated (n=2)
2026-09-10 16:12:44,891 - src.training.trainer - INFO - Epoch 53/80
2026-09-10 16:12:44,891 - src.training.trainer - INFO - [Train] Loss: 0.3289, Acc: 0.8887, Precision: 0.8921, Recall: 0.8884, F1: 0.8885, QWK: 0.8724
2026-09-10 16:12:44,891 - src.training.trainer - INFO - [Val] Loss: 1.0285, Acc: 0.8460, Precision: 0.7465, Recall: 0.6629, F1: 0.6920, QWK: 0.9092
2026-09-10 16:12:44,902 - src.training.trainer - INFO - SWA updated (n=3)
2026-09-10 16:14:08,397 - src.training.trainer - INFO - Epoch 54/80
2026-09-10 16:14:08,397 - src.training.trainer - INFO - [Train] Loss: 0.3037, Acc: 0.9221, Precision: 0.9247, Recall: 0.9218, F1: 0.9219, QWK: 0.9125
2026-09-10 16:14:08,397 - src.training.trainer - INFO - [Val] Loss: 1.0084, Acc: 0.8491, Precision: 0.7473, Recall: 0.6787, F1: 0.7043, QWK: 0.9127
2026-09-10 16:14:08,408 - src.training.trainer - INFO - SWA updated (n=4)
2026-09-10 16:14:08,408 - src.training.trainer - INFO - Early stopping triggered after 54 epochs.
2026-09-10 16:14:08,408 - src.training.trainer - INFO - Updating SWA BatchNorm statistics...
2026-09-10 16:15:13,284 - src.training.trainer - INFO - [SWA Val] Loss: 1.1581, Acc: 0.8415, QWK: 0.9099
2026-09-10 16:15:13,876 - root - INFO - 
============================================================
2026-09-10 16:15:13,876 - root - INFO - Training Fold 2/5
2026-09-10 16:15:13,876 - root - INFO - ============================================================
2026-09-10 16:15:20,994 - timm.models._builder - INFO - Loading pretrained weights from Hugging Face hub (timm/swinv2_large_window12to16_192to256.ms_in22k_ft_in1k)
2026-09-10 16:15:21,000 - timm.models._hub - INFO - [timm/swinv2_large_window12to16_192to256.ms_in22k_ft_in1k] Safe alternative available for 'pytorch_model.bin' (as 'model.safetensors'). Loading weights using safetensors.
2026-09-10 16:15:23,837 - timm.models._builder - INFO - Missing keys (head.fc.weight, head.fc.bias) discovered while loading pretrained weights. This is expected if model is being adapted.
2026-09-10 16:15:25,568 - src.training.trainer - INFO - Starting training...
2026-09-10 16:15:25,568 - src.training.trainer - INFO - Training Fold 2
2026-09-10 16:16:47,894 - src.training.trainer - INFO - Epoch 1/80
2026-09-10 16:16:47,895 - src.training.trainer - INFO - [Train] Loss: 3.0961, Acc: 0.3404, Precision: 0.3289, Recall: 0.3421, F1: 0.3230, QWK: 0.3507
2026-09-10 16:16:47,895 - src.training.trainer - INFO - [Val] Loss: 1.3208, Acc: 0.5762, Precision: 0.4359, Recall: 0.4690, F1: 0.3612, QWK: 0.7069
2026-09-10 16:16:48,896 - src.training.trainer - INFO - New best model saved at epoch 1 with QWK 0.7069
2026-09-10 16:18:11,508 - src.training.trainer - INFO - Epoch 2/80
2026-09-10 16:18:11,509 - src.training.trainer - INFO - [Train] Loss: 2.3465, Acc: 0.4802, Precision: 0.5191, Recall: 0.4855, F1: 0.4477, QWK: 0.6108
2026-09-10 16:18:11,509 - src.training.trainer - INFO - [Val] Loss: 1.1166, Acc: 0.6098, Precision: 0.5474, Recall: 0.5162, F1: 0.4310, QWK: 0.7304
2026-09-10 16:18:12,607 - src.training.trainer - INFO - New best model saved at epoch 2 with QWK 0.7304
2026-09-10 16:19:35,317 - src.training.trainer - INFO - Epoch 3/80
2026-09-10 16:19:35,318 - src.training.trainer - INFO - [Train] Loss: 2.0860, Acc: 0.4890, Precision: 0.5420, Recall: 0.4897, F1: 0.4531, QWK: 0.5987
2026-09-10 16:19:35,318 - src.training.trainer - INFO - [Val] Loss: 1.0590, Acc: 0.6326, Precision: 0.6305, Recall: 0.5404, F1: 0.4356, QWK: 0.7393
2026-09-10 16:19:36,475 - src.training.trainer - INFO - New best model saved at epoch 3 with QWK 0.7393
2026-09-10 16:20:59,101 - src.training.trainer - INFO - Epoch 4/80
2026-09-10 16:20:59,101 - src.training.trainer - INFO - [Train] Loss: 1.8312, Acc: 0.5057, Precision: 0.5779, Recall: 0.5155, F1: 0.4734, QWK: 0.6429
2026-09-10 16:20:59,101 - src.training.trainer - INFO - [Val] Loss: 0.8877, Acc: 0.6631, Precision: 0.5547, Recall: 0.6232, F1: 0.4877, QWK: 0.8004
2026-09-10 16:21:00,268 - src.training.trainer - INFO - New best model saved at epoch 4 with QWK 0.8004
2026-09-10 16:22:23,155 - src.training.trainer - INFO - Epoch 5/80
2026-09-10 16:22:23,156 - src.training.trainer - INFO - [Train] Loss: 1.5278, Acc: 0.5824, Precision: 0.6411, Recall: 0.5823, F1: 0.5492, QWK: 0.7045
2026-09-10 16:22:23,156 - src.training.trainer - INFO - [Val] Loss: 0.8138, Acc: 0.7058, Precision: 0.6053, Recall: 0.6404, F1: 0.5806, QWK: 0.8220
2026-09-10 16:22:24,294 - src.training.trainer - INFO - New best model saved at epoch 5 with QWK 0.8220
2026-09-10 16:23:46,702 - src.training.trainer - INFO - Epoch 6/80
2026-09-10 16:23:46,703 - src.training.trainer - INFO - [Train] Loss: 1.4477, Acc: 0.6003, Precision: 0.6443, Recall: 0.6023, F1: 0.5653, QWK: 0.7054
2026-09-10 16:23:46,703 - src.training.trainer - INFO - [Val] Loss: 0.9695, Acc: 0.6174, Precision: 0.5655, Recall: 0.5886, F1: 0.4791, QWK: 0.7649
2026-09-10 16:25:09,499 - src.training.trainer - INFO - Epoch 7/80
2026-09-10 16:25:09,500 - src.training.trainer - INFO - [Train] Loss: 1.2370, Acc: 0.6258, Precision: 0.6718, Recall: 0.6260, F1: 0.5922, QWK: 0.7281
2026-09-10 16:25:09,500 - src.training.trainer - INFO - [Val] Loss: 0.8216, Acc: 0.6723, Precision: 0.6155, Recall: 0.6492, F1: 0.5512, QWK: 0.8160
2026-09-10 16:26:31,561 - src.training.trainer - INFO - Epoch 8/80
2026-09-10 16:26:31,562 - src.training.trainer - INFO - [Train] Loss: 1.1435, Acc: 0.6839, Precision: 0.7155, Recall: 0.6720, F1: 0.6444, QWK: 0.7677
2026-09-10 16:26:31,562 - src.training.trainer - INFO - [Val] Loss: 0.6492, Acc: 0.7515, Precision: 0.6308, Recall: 0.7103, F1: 0.6272, QWK: 0.8600
2026-09-10 16:26:32,669 - src.training.trainer - INFO - New best model saved at epoch 8 with QWK 0.8600
2026-09-10 16:27:55,221 - src.training.trainer - INFO - Epoch 9/80
2026-09-10 16:27:55,222 - src.training.trainer - INFO - [Train] Loss: 1.1338, Acc: 0.6695, Precision: 0.6998, Recall: 0.6657, F1: 0.6334, QWK: 0.7597
2026-09-10 16:27:55,222 - src.training.trainer - INFO - [Val] Loss: 0.8270, Acc: 0.6814, Precision: 0.6022, Recall: 0.6564, F1: 0.5237, QWK: 0.8114
2026-09-10 16:29:17,959 - src.training.trainer - INFO - Epoch 10/80
2026-09-10 16:29:17,959 - src.training.trainer - INFO - [Train] Loss: 1.0076, Acc: 0.7002, Precision: 0.7335, Recall: 0.7017, F1: 0.6731, QWK: 0.7936
2026-09-10 16:29:17,959 - src.training.trainer - INFO - [Val] Loss: 0.6913, Acc: 0.7561, Precision: 0.6339, Recall: 0.6982, F1: 0.6342, QWK: 0.8490
2026-09-10 16:30:40,970 - src.training.trainer - INFO - Epoch 11/80
2026-09-10 16:30:40,970 - src.training.trainer - INFO - [Train] Loss: 1.0385, Acc: 0.7162, Precision: 0.7379, Recall: 0.7091, F1: 0.6843, QWK: 0.7846
2026-09-10 16:30:40,970 - src.training.trainer - INFO - [Val] Loss: 0.7319, Acc: 0.7470, Precision: 0.6365, Recall: 0.6980, F1: 0.6175, QWK: 0.8516
2026-09-10 16:32:03,656 - src.training.trainer - INFO - Epoch 12/80
2026-09-10 16:32:03,656 - src.training.trainer - INFO - [Train] Loss: 0.8360, Acc: 0.7420, Precision: 0.7701, Recall: 0.7475, F1: 0.7266, QWK: 0.8202
2026-09-10 16:32:03,656 - src.training.trainer - INFO - [Val] Loss: 0.7397, Acc: 0.7866, Precision: 0.6676, Recall: 0.7031, F1: 0.6574, QWK: 0.8694
2026-09-10 16:32:04,784 - src.training.trainer - INFO - New best model saved at epoch 12 with QWK 0.8694
2026-09-10 16:33:27,620 - src.training.trainer - INFO - Epoch 13/80
2026-09-10 16:33:27,621 - src.training.trainer - INFO - [Train] Loss: 0.8966, Acc: 0.7352, Precision: 0.7669, Recall: 0.7328, F1: 0.7154, QWK: 0.8317
2026-09-10 16:33:27,621 - src.training.trainer - INFO - [Val] Loss: 0.7992, Acc: 0.7073, Precision: 0.6212, Recall: 0.6805, F1: 0.5648, QWK: 0.8413
2026-09-10 16:34:50,882 - src.training.trainer - INFO - Epoch 14/80
2026-09-10 16:34:50,883 - src.training.trainer - INFO - [Train] Loss: 0.8566, Acc: 0.7401, Precision: 0.7617, Recall: 0.7423, F1: 0.7269, QWK: 0.7981
2026-09-10 16:34:50,883 - src.training.trainer - INFO - [Val] Loss: 0.6889, Acc: 0.7988, Precision: 0.6910, Recall: 0.7490, F1: 0.6874, QWK: 0.8823
2026-09-10 16:34:52,072 - src.training.trainer - INFO - New best model saved at epoch 14 with QWK 0.8823
2026-09-10 16:36:14,654 - src.training.trainer - INFO - Epoch 15/80
2026-09-10 16:36:14,655 - src.training.trainer - INFO - [Train] Loss: 0.7454, Acc: 0.7587, Precision: 0.7857, Recall: 0.7668, F1: 0.7504, QWK: 0.8293
2026-09-10 16:36:14,655 - src.training.trainer - INFO - [Val] Loss: 0.6593, Acc: 0.7790, Precision: 0.6523, Recall: 0.7283, F1: 0.6656, QWK: 0.8517
2026-09-10 16:37:37,198 - src.training.trainer - INFO - Epoch 16/80
2026-09-10 16:37:37,199 - src.training.trainer - INFO - [Train] Loss: 0.6863, Acc: 0.8036, Precision: 0.8205, Recall: 0.8011, F1: 0.7943, QWK: 0.8577
2026-09-10 16:37:37,199 - src.training.trainer - INFO - [Val] Loss: 0.6667, Acc: 0.7851, Precision: 0.6556, Recall: 0.7366, F1: 0.6680, QWK: 0.8720
2026-09-10 16:39:00,591 - src.training.trainer - INFO - Epoch 17/80
2026-09-10 16:39:00,591 - src.training.trainer - INFO - [Train] Loss: 0.6632, Acc: 0.7838, Precision: 0.7957, Recall: 0.7807, F1: 0.7696, QWK: 0.8282
2026-09-10 16:39:00,591 - src.training.trainer - INFO - [Val] Loss: 0.6749, Acc: 0.8155, Precision: 0.6761, Recall: 0.7350, F1: 0.6936, QWK: 0.8870
2026-09-10 16:39:01,715 - src.training.trainer - INFO - New best model saved at epoch 17 with QWK 0.8870
2026-09-10 16:40:24,306 - src.training.trainer - INFO - Epoch 18/80
2026-09-10 16:40:24,306 - src.training.trainer - INFO - [Train] Loss: 0.6425, Acc: 0.7884, Precision: 0.8079, Recall: 0.7896, F1: 0.7797, QWK: 0.8117
2026-09-10 16:40:24,306 - src.training.trainer - INFO - [Val] Loss: 0.7123, Acc: 0.8476, Precision: 0.7205, Recall: 0.7277, F1: 0.7213, QWK: 0.8992
2026-09-10 16:40:25,492 - src.training.trainer - INFO - New best model saved at epoch 18 with QWK 0.8992
2026-09-10 16:41:47,989 - src.training.trainer - INFO - Epoch 19/80
2026-09-10 16:41:47,989 - src.training.trainer - INFO - [Train] Loss: 0.6793, Acc: 0.7914, Precision: 0.8043, Recall: 0.7943, F1: 0.7841, QWK: 0.8396
2026-09-10 16:41:47,990 - src.training.trainer - INFO - [Val] Loss: 0.6844, Acc: 0.8186, Precision: 0.6907, Recall: 0.7371, F1: 0.7004, QWK: 0.8893
2026-09-10 16:43:10,720 - src.training.trainer - INFO - Epoch 20/80
2026-09-10 16:43:10,720 - src.training.trainer - INFO - [Train] Loss: 0.6117, Acc: 0.8078, Precision: 0.8192, Recall: 0.8034, F1: 0.7957, QWK: 0.8583
2026-09-10 16:43:10,720 - src.training.trainer - INFO - [Val] Loss: 0.6807, Acc: 0.8384, Precision: 0.7205, Recall: 0.7344, F1: 0.7194, QWK: 0.8973
2026-09-10 16:44:33,584 - src.training.trainer - INFO - Epoch 21/80
2026-09-10 16:44:33,585 - src.training.trainer - INFO - [Train] Loss: 0.6110, Acc: 0.8116, Precision: 0.8183, Recall: 0.8131, F1: 0.8056, QWK: 0.8572
2026-09-10 16:44:33,585 - src.training.trainer - INFO - [Val] Loss: 0.6682, Acc: 0.8216, Precision: 0.7014, Recall: 0.7467, F1: 0.7073, QWK: 0.8916
2026-09-10 16:45:56,120 - src.training.trainer - INFO - Epoch 22/80
2026-09-10 16:45:56,120 - src.training.trainer - INFO - [Train] Loss: 0.6424, Acc: 0.8153, Precision: 0.8311, Recall: 0.8145, F1: 0.8088, QWK: 0.8464
2026-09-10 16:45:56,120 - src.training.trainer - INFO - [Val] Loss: 0.7013, Acc: 0.8323, Precision: 0.7096, Recall: 0.7183, F1: 0.7062, QWK: 0.8933
2026-09-10 16:47:18,625 - src.training.trainer - INFO - Epoch 23/80
2026-09-10 16:47:18,625 - src.training.trainer - INFO - [Train] Loss: 0.6322, Acc: 0.8081, Precision: 0.8257, Recall: 0.8077, F1: 0.7994, QWK: 0.8595
2026-09-10 16:47:18,625 - src.training.trainer - INFO - [Val] Loss: 0.7222, Acc: 0.8293, Precision: 0.6946, Recall: 0.7066, F1: 0.6939, QWK: 0.8960
2026-09-10 16:48:41,462 - src.training.trainer - INFO - Epoch 24/80
2026-09-10 16:48:41,462 - src.training.trainer - INFO - [Train] Loss: 0.5087, Acc: 0.8237, Precision: 0.8339, Recall: 0.8247, F1: 0.8192, QWK: 0.8458
2026-09-10 16:48:41,463 - src.training.trainer - INFO - [Val] Loss: 0.7678, Acc: 0.8430, Precision: 0.7164, Recall: 0.7085, F1: 0.7060, QWK: 0.8971
2026-09-10 16:50:08,172 - src.training.trainer - INFO - Epoch 25/80
2026-09-10 16:50:08,175 - src.training.trainer - INFO - [Train] Loss: 0.5343, Acc: 0.8438, Precision: 0.8493, Recall: 0.8416, F1: 0.8383, QWK: 0.8635
2026-09-10 16:50:08,175 - src.training.trainer - INFO - [Val] Loss: 0.7780, Acc: 0.8399, Precision: 0.7145, Recall: 0.7083, F1: 0.7065, QWK: 0.8966
2026-09-10 16:51:54,220 - src.training.trainer - INFO - Epoch 26/80
2026-09-10 16:51:54,220 - src.training.trainer - INFO - [Train] Loss: 0.5735, Acc: 0.8313, Precision: 0.8431, Recall: 0.8319, F1: 0.8291, QWK: 0.8687
2026-09-10 16:51:54,220 - src.training.trainer - INFO - [Val] Loss: 0.8366, Acc: 0.8308, Precision: 0.6961, Recall: 0.6906, F1: 0.6884, QWK: 0.8901
2026-09-10 16:53:36,279 - src.training.trainer - INFO - Epoch 27/80
2026-09-10 16:53:36,280 - src.training.trainer - INFO - [Train] Loss: 0.5139, Acc: 0.8602, Precision: 0.8651, Recall: 0.8611, F1: 0.8578, QWK: 0.8799
2026-09-10 16:53:36,280 - src.training.trainer - INFO - [Val] Loss: 0.8505, Acc: 0.8354, Precision: 0.7024, Recall: 0.6898, F1: 0.6915, QWK: 0.8895
2026-09-10 16:55:04,420 - src.training.trainer - INFO - Epoch 28/80
2026-09-10 16:55:04,420 - src.training.trainer - INFO - [Train] Loss: 0.4680, Acc: 0.8560, Precision: 0.8613, Recall: 0.8578, F1: 0.8539, QWK: 0.8817
2026-09-10 16:55:04,420 - src.training.trainer - INFO - [Val] Loss: 0.7173, Acc: 0.8232, Precision: 0.6905, Recall: 0.6988, F1: 0.6888, QWK: 0.8899
2026-09-10 16:56:27,462 - src.training.trainer - INFO - Epoch 29/80
2026-09-10 16:56:27,463 - src.training.trainer - INFO - [Train] Loss: 0.5329, Acc: 0.8503, Precision: 0.8557, Recall: 0.8496, F1: 0.8471, QWK: 0.8727
2026-09-10 16:56:27,463 - src.training.trainer - INFO - [Val] Loss: 0.8570, Acc: 0.8354, Precision: 0.7145, Recall: 0.6947, F1: 0.6971, QWK: 0.8950
2026-09-10 16:57:50,753 - src.training.trainer - INFO - Epoch 30/80
2026-09-10 16:57:50,755 - src.training.trainer - INFO - [Train] Loss: 0.5651, Acc: 0.8408, Precision: 0.8491, Recall: 0.8434, F1: 0.8405, QWK: 0.8757
2026-09-10 16:57:50,755 - src.training.trainer - INFO - [Val] Loss: 0.8058, Acc: 0.8277, Precision: 0.7042, Recall: 0.6940, F1: 0.6915, QWK: 0.8893
2026-09-10 16:59:13,228 - src.training.trainer - INFO - Epoch 31/80
2026-09-10 16:59:13,228 - src.training.trainer - INFO - [Train] Loss: 0.5404, Acc: 0.8438, Precision: 0.8493, Recall: 0.8450, F1: 0.8428, QWK: 0.8538
2026-09-10 16:59:13,228 - src.training.trainer - INFO - [Val] Loss: 0.7232, Acc: 0.8338, Precision: 0.7090, Recall: 0.7100, F1: 0.7042, QWK: 0.8925
2026-09-10 17:00:36,090 - src.training.trainer - INFO - Epoch 32/80
2026-09-10 17:00:36,090 - src.training.trainer - INFO - [Train] Loss: 0.4614, Acc: 0.8571, Precision: 0.8648, Recall: 0.8546, F1: 0.8535, QWK: 0.8745
2026-09-10 17:00:36,090 - src.training.trainer - INFO - [Val] Loss: 0.7190, Acc: 0.8460, Precision: 0.7220, Recall: 0.7119, F1: 0.7143, QWK: 0.9027
2026-09-10 17:00:37,236 - src.training.trainer - INFO - New best model saved at epoch 32 with QWK 0.9027
2026-09-10 17:01:59,885 - src.training.trainer - INFO - Epoch 33/80
2026-09-10 17:01:59,886 - src.training.trainer - INFO - [Train] Loss: 0.4886, Acc: 0.8560, Precision: 0.8622, Recall: 0.8514, F1: 0.8510, QWK: 0.8779
2026-09-10 17:01:59,886 - src.training.trainer - INFO - [Val] Loss: 0.7189, Acc: 0.8521, Precision: 0.7369, Recall: 0.7328, F1: 0.7309, QWK: 0.9030
2026-09-10 17:02:01,060 - src.training.trainer - INFO - New best model saved at epoch 33 with QWK 0.9030
2026-09-10 17:03:23,950 - src.training.trainer - INFO - Epoch 34/80
2026-09-10 17:03:23,951 - src.training.trainer - INFO - [Train] Loss: 0.4597, Acc: 0.8564, Precision: 0.8613, Recall: 0.8554, F1: 0.8545, QWK: 0.8813
2026-09-10 17:03:23,951 - src.training.trainer - INFO - [Val] Loss: 0.7137, Acc: 0.8521, Precision: 0.7308, Recall: 0.7315, F1: 0.7282, QWK: 0.9065
2026-09-10 17:03:25,104 - src.training.trainer - INFO - New best model saved at epoch 34 with QWK 0.9065
2026-09-10 17:04:47,936 - src.training.trainer - INFO - Epoch 35/80
2026-09-10 17:04:47,937 - src.training.trainer - INFO - [Train] Loss: 0.4544, Acc: 0.8632, Precision: 0.8687, Recall: 0.8614, F1: 0.8616, QWK: 0.8876
2026-09-10 17:04:47,937 - src.training.trainer - INFO - [Val] Loss: 0.7423, Acc: 0.8537, Precision: 0.7309, Recall: 0.7336, F1: 0.7302, QWK: 0.9053
2026-09-10 17:06:10,916 - src.training.trainer - INFO - Epoch 36/80
2026-09-10 17:06:10,917 - src.training.trainer - INFO - [Train] Loss: 0.3964, Acc: 0.8978, Precision: 0.9007, Recall: 0.8960, F1: 0.8955, QWK: 0.9139
2026-09-10 17:06:10,917 - src.training.trainer - INFO - [Val] Loss: 0.7908, Acc: 0.8354, Precision: 0.7041, Recall: 0.7047, F1: 0.7000, QWK: 0.8947
2026-09-10 17:07:33,145 - src.training.trainer - INFO - Epoch 37/80
2026-09-10 17:07:33,146 - src.training.trainer - INFO - [Train] Loss: 0.3925, Acc: 0.8898, Precision: 0.8945, Recall: 0.8885, F1: 0.8888, QWK: 0.9043
2026-09-10 17:07:33,146 - src.training.trainer - INFO - [Val] Loss: 0.8221, Acc: 0.8552, Precision: 0.7306, Recall: 0.7172, F1: 0.7216, QWK: 0.9080
2026-09-10 17:07:34,331 - src.training.trainer - INFO - New best model saved at epoch 37 with QWK 0.9080
2026-09-10 17:08:56,530 - src.training.trainer - INFO - Epoch 38/80
2026-09-10 17:08:56,530 - src.training.trainer - INFO - [Train] Loss: 0.3947, Acc: 0.8910, Precision: 0.8933, Recall: 0.8915, F1: 0.8907, QWK: 0.9032
2026-09-10 17:08:56,530 - src.training.trainer - INFO - [Val] Loss: 0.7664, Acc: 0.8445, Precision: 0.7202, Recall: 0.7085, F1: 0.7104, QWK: 0.9059
2026-09-10 17:10:18,554 - src.training.trainer - INFO - Epoch 39/80
2026-09-10 17:10:18,555 - src.training.trainer - INFO - [Train] Loss: 0.4091, Acc: 0.8894, Precision: 0.8940, Recall: 0.8879, F1: 0.8884, QWK: 0.9012
2026-09-10 17:10:18,555 - src.training.trainer - INFO - [Val] Loss: 0.7971, Acc: 0.8506, Precision: 0.7280, Recall: 0.7162, F1: 0.7195, QWK: 0.9091
2026-09-10 17:10:19,710 - src.training.trainer - INFO - New best model saved at epoch 39 with QWK 0.9091
2026-09-10 17:11:42,316 - src.training.trainer - INFO - Epoch 40/80
2026-09-10 17:11:42,317 - src.training.trainer - INFO - [Train] Loss: 0.4370, Acc: 0.8754, Precision: 0.8803, Recall: 0.8754, F1: 0.8754, QWK: 0.8985
2026-09-10 17:11:42,317 - src.training.trainer - INFO - [Val] Loss: 0.8384, Acc: 0.8537, Precision: 0.7244, Recall: 0.7046, F1: 0.7111, QWK: 0.9086
2026-09-10 17:13:04,879 - src.training.trainer - INFO - Epoch 41/80
2026-09-10 17:13:04,879 - src.training.trainer - INFO - [Train] Loss: 0.4216, Acc: 0.8879, Precision: 0.8931, Recall: 0.8885, F1: 0.8885, QWK: 0.9055
2026-09-10 17:13:04,879 - src.training.trainer - INFO - [Val] Loss: 0.8662, Acc: 0.8521, Precision: 0.7351, Recall: 0.6997, F1: 0.7103, QWK: 0.9070
2026-09-10 17:14:27,660 - src.training.trainer - INFO - Epoch 42/80
2026-09-10 17:14:27,660 - src.training.trainer - INFO - [Train] Loss: 0.3621, Acc: 0.9081, Precision: 0.9114, Recall: 0.9081, F1: 0.9076, QWK: 0.9087
2026-09-10 17:14:27,660 - src.training.trainer - INFO - [Val] Loss: 0.8680, Acc: 0.8552, Precision: 0.7312, Recall: 0.7158, F1: 0.7198, QWK: 0.9038
2026-09-10 17:15:50,661 - src.training.trainer - INFO - Epoch 43/80
2026-09-10 17:15:50,661 - src.training.trainer - INFO - [Train] Loss: 0.3809, Acc: 0.8921, Precision: 0.8963, Recall: 0.8937, F1: 0.8919, QWK: 0.8906
2026-09-10 17:15:50,662 - src.training.trainer - INFO - [Val] Loss: 0.8575, Acc: 0.8598, Precision: 0.7416, Recall: 0.7311, F1: 0.7347, QWK: 0.9057
2026-09-10 17:17:13,654 - src.training.trainer - INFO - Epoch 44/80
2026-09-10 17:17:13,655 - src.training.trainer - INFO - [Train] Loss: 0.3591, Acc: 0.8864, Precision: 0.8893, Recall: 0.8854, F1: 0.8855, QWK: 0.8961
2026-09-10 17:17:13,655 - src.training.trainer - INFO - [Val] Loss: 0.8936, Acc: 0.8598, Precision: 0.7410, Recall: 0.7256, F1: 0.7290, QWK: 0.9139
2026-09-10 17:17:14,800 - src.training.trainer - INFO - New best model saved at epoch 44 with QWK 0.9139
2026-09-10 17:18:37,263 - src.training.trainer - INFO - Epoch 45/80
2026-09-10 17:18:37,264 - src.training.trainer - INFO - [Train] Loss: 0.3479, Acc: 0.8982, Precision: 0.9016, Recall: 0.8976, F1: 0.8977, QWK: 0.9039
2026-09-10 17:18:37,264 - src.training.trainer - INFO - [Val] Loss: 0.8666, Acc: 0.8613, Precision: 0.7440, Recall: 0.7138, F1: 0.7246, QWK: 0.9125
2026-09-10 17:19:59,483 - src.training.trainer - INFO - Epoch 46/80
2026-09-10 17:19:59,484 - src.training.trainer - INFO - [Train] Loss: 0.3056, Acc: 0.9126, Precision: 0.9152, Recall: 0.9127, F1: 0.9124, QWK: 0.9240
2026-09-10 17:19:59,484 - src.training.trainer - INFO - [Val] Loss: 0.8817, Acc: 0.8628, Precision: 0.7540, Recall: 0.7222, F1: 0.7344, QWK: 0.9120
2026-09-10 17:21:21,949 - src.training.trainer - INFO - Epoch 47/80
2026-09-10 17:21:21,949 - src.training.trainer - INFO - [Train] Loss: 0.4326, Acc: 0.8628, Precision: 0.8700, Recall: 0.8632, F1: 0.8634, QWK: 0.8492
2026-09-10 17:21:21,950 - src.training.trainer - INFO - [Val] Loss: 0.8737, Acc: 0.8643, Precision: 0.7565, Recall: 0.7247, F1: 0.7375, QWK: 0.9098
2026-09-10 17:22:44,505 - src.training.trainer - INFO - Epoch 48/80
2026-09-10 17:22:44,505 - src.training.trainer - INFO - [Train] Loss: 0.3509, Acc: 0.8959, Precision: 0.9002, Recall: 0.8966, F1: 0.8963, QWK: 0.8992
2026-09-10 17:22:44,505 - src.training.trainer - INFO - [Val] Loss: 0.8800, Acc: 0.8628, Precision: 0.7578, Recall: 0.7125, F1: 0.7298, QWK: 0.9111
2026-09-10 17:24:06,874 - src.training.trainer - INFO - Epoch 49/80
2026-09-10 17:24:06,875 - src.training.trainer - INFO - [Train] Loss: 0.3672, Acc: 0.8993, Precision: 0.9042, Recall: 0.8981, F1: 0.8996, QWK: 0.8965
2026-09-10 17:24:06,875 - src.training.trainer - INFO - [Val] Loss: 0.8650, Acc: 0.8537, Precision: 0.7334, Recall: 0.7174, F1: 0.7237, QWK: 0.9035
2026-09-10 17:25:29,805 - src.training.trainer - INFO - Epoch 50/80
2026-09-10 17:25:29,805 - src.training.trainer - INFO - [Train] Loss: 0.3604, Acc: 0.8974, Precision: 0.9012, Recall: 0.8982, F1: 0.8973, QWK: 0.8970
2026-09-10 17:25:29,805 - src.training.trainer - INFO - [Val] Loss: 0.8429, Acc: 0.8537, Precision: 0.7344, Recall: 0.7059, F1: 0.7169, QWK: 0.9016
2026-09-10 17:26:51,789 - src.training.trainer - INFO - Epoch 51/80
2026-09-10 17:26:51,789 - src.training.trainer - INFO - [Train] Loss: 0.3487, Acc: 0.9016, Precision: 0.9041, Recall: 0.9017, F1: 0.9015, QWK: 0.8887
2026-09-10 17:26:51,789 - src.training.trainer - INFO - [Val] Loss: 0.8646, Acc: 0.8567, Precision: 0.7475, Recall: 0.7016, F1: 0.7191, QWK: 0.9064
2026-09-10 17:26:51,800 - src.training.trainer - INFO - SWA updated (n=1)
2026-09-10 17:28:14,577 - src.training.trainer - INFO - Epoch 52/80
2026-09-10 17:28:14,577 - src.training.trainer - INFO - [Train] Loss: 0.3179, Acc: 0.9183, Precision: 0.9206, Recall: 0.9175, F1: 0.9177, QWK: 0.9117
2026-09-10 17:28:14,577 - src.training.trainer - INFO - [Val] Loss: 0.7849, Acc: 0.8598, Precision: 0.7558, Recall: 0.7186, F1: 0.7341, QWK: 0.9121
2026-09-10 17:28:14,588 - src.training.trainer - INFO - SWA updated (n=2)
2026-09-10 17:29:37,433 - src.training.trainer - INFO - Epoch 53/80
2026-09-10 17:29:37,434 - src.training.trainer - INFO - [Train] Loss: 0.3506, Acc: 0.8970, Precision: 0.8989, Recall: 0.8981, F1: 0.8968, QWK: 0.8946
2026-09-10 17:29:37,434 - src.training.trainer - INFO - [Val] Loss: 0.8582, Acc: 0.8552, Precision: 0.7432, Recall: 0.6968, F1: 0.7151, QWK: 0.9047
2026-09-10 17:29:37,444 - src.training.trainer - INFO - SWA updated (n=3)
2026-09-10 17:30:59,877 - src.training.trainer - INFO - Epoch 54/80
2026-09-10 17:30:59,877 - src.training.trainer - INFO - [Train] Loss: 0.3919, Acc: 0.9107, Precision: 0.9148, Recall: 0.9107, F1: 0.9113, QWK: 0.9130
2026-09-10 17:30:59,877 - src.training.trainer - INFO - [Val] Loss: 0.8228, Acc: 0.8598, Precision: 0.7523, Recall: 0.7185, F1: 0.7308, QWK: 0.9072
2026-09-10 17:30:59,888 - src.training.trainer - INFO - SWA updated (n=4)
2026-09-10 17:32:22,500 - src.training.trainer - INFO - Epoch 55/80
2026-09-10 17:32:22,500 - src.training.trainer - INFO - [Train] Loss: 0.2512, Acc: 0.9259, Precision: 0.9274, Recall: 0.9262, F1: 0.9259, QWK: 0.9302
2026-09-10 17:32:22,500 - src.training.trainer - INFO - [Val] Loss: 0.9609, Acc: 0.8598, Precision: 0.7575, Recall: 0.7241, F1: 0.7357, QWK: 0.9069
2026-09-10 17:32:22,511 - src.training.trainer - INFO - SWA updated (n=5)
2026-09-10 17:33:44,809 - src.training.trainer - INFO - Epoch 56/80
2026-09-10 17:33:44,809 - src.training.trainer - INFO - [Train] Loss: 0.3035, Acc: 0.8959, Precision: 0.8986, Recall: 0.8956, F1: 0.8958, QWK: 0.8789
2026-09-10 17:33:44,809 - src.training.trainer - INFO - [Val] Loss: 0.8847, Acc: 0.8598, Precision: 0.7557, Recall: 0.7241, F1: 0.7366, QWK: 0.9050
2026-09-10 17:33:44,821 - src.training.trainer - INFO - SWA updated (n=6)
2026-09-10 17:35:07,350 - src.training.trainer - INFO - Epoch 57/80
2026-09-10 17:35:07,352 - src.training.trainer - INFO - [Train] Loss: 0.2833, Acc: 0.8917, Precision: 0.8940, Recall: 0.8917, F1: 0.8916, QWK: 0.8823
2026-09-10 17:35:07,352 - src.training.trainer - INFO - [Val] Loss: 0.8524, Acc: 0.8613, Precision: 0.7646, Recall: 0.7132, F1: 0.7338, QWK: 0.9103
2026-09-10 17:35:07,364 - src.training.trainer - INFO - SWA updated (n=7)
2026-09-10 17:36:30,174 - src.training.trainer - INFO - Epoch 58/80
2026-09-10 17:36:30,174 - src.training.trainer - INFO - [Train] Loss: 0.3472, Acc: 0.9107, Precision: 0.9143, Recall: 0.9101, F1: 0.9107, QWK: 0.9010
2026-09-10 17:36:30,174 - src.training.trainer - INFO - [Val] Loss: 0.8706, Acc: 0.8598, Precision: 0.7605, Recall: 0.7186, F1: 0.7357, QWK: 0.9088
2026-09-10 17:36:30,187 - src.training.trainer - INFO - SWA updated (n=8)
2026-09-10 17:37:55,350 - src.training.trainer - INFO - Epoch 59/80
2026-09-10 17:37:55,351 - src.training.trainer - INFO - [Train] Loss: 0.2939, Acc: 0.9255, Precision: 0.9292, Recall: 0.9250, F1: 0.9254, QWK: 0.9097
2026-09-10 17:37:55,351 - src.training.trainer - INFO - [Val] Loss: 0.8867, Acc: 0.8628, Precision: 0.7649, Recall: 0.7254, F1: 0.7420, QWK: 0.9050
2026-09-10 17:37:55,361 - src.training.trainer - INFO - SWA updated (n=9)
2026-09-10 17:39:21,763 - src.training.trainer - INFO - Epoch 60/80
2026-09-10 17:39:21,764 - src.training.trainer - INFO - [Train] Loss: 0.3081, Acc: 0.9134, Precision: 0.9164, Recall: 0.9127, F1: 0.9134, QWK: 0.8984
2026-09-10 17:39:21,764 - src.training.trainer - INFO - [Val] Loss: 0.7764, Acc: 0.8674, Precision: 0.7777, Recall: 0.7259, F1: 0.7469, QWK: 0.9096
2026-09-10 17:39:21,774 - src.training.trainer - INFO - SWA updated (n=10)
2026-09-10 17:40:44,355 - src.training.trainer - INFO - Epoch 61/80
2026-09-10 17:40:44,356 - src.training.trainer - INFO - [Train] Loss: 0.2496, Acc: 0.9312, Precision: 0.9333, Recall: 0.9313, F1: 0.9315, QWK: 0.9225
2026-09-10 17:40:44,356 - src.training.trainer - INFO - [Val] Loss: 0.8683, Acc: 0.8659, Precision: 0.7746, Recall: 0.7184, F1: 0.7405, QWK: 0.9078
2026-09-10 17:40:44,368 - src.training.trainer - INFO - SWA updated (n=11)
2026-09-10 17:42:07,424 - src.training.trainer - INFO - Epoch 62/80
2026-09-10 17:42:07,425 - src.training.trainer - INFO - [Train] Loss: 0.2591, Acc: 0.9248, Precision: 0.9265, Recall: 0.9252, F1: 0.9248, QWK: 0.9104
2026-09-10 17:42:07,425 - src.training.trainer - INFO - [Val] Loss: 0.8782, Acc: 0.8643, Precision: 0.7745, Recall: 0.7247, F1: 0.7451, QWK: 0.9089
2026-09-10 17:42:07,437 - src.training.trainer - INFO - SWA updated (n=12)
2026-09-10 17:43:29,687 - src.training.trainer - INFO - Epoch 63/80
2026-09-10 17:43:29,689 - src.training.trainer - INFO - [Train] Loss: 0.2597, Acc: 0.9335, Precision: 0.9354, Recall: 0.9332, F1: 0.9337, QWK: 0.9241
2026-09-10 17:43:29,689 - src.training.trainer - INFO - [Val] Loss: 0.9437, Acc: 0.8613, Precision: 0.7706, Recall: 0.7109, F1: 0.7349, QWK: 0.9064
2026-09-10 17:43:29,700 - src.training.trainer - INFO - SWA updated (n=13)
2026-09-10 17:44:52,082 - src.training.trainer - INFO - Epoch 64/80
2026-09-10 17:44:52,082 - src.training.trainer - INFO - [Train] Loss: 0.2144, Acc: 0.9392, Precision: 0.9398, Recall: 0.9398, F1: 0.9393, QWK: 0.9405
2026-09-10 17:44:52,082 - src.training.trainer - INFO - [Val] Loss: 0.8249, Acc: 0.8598, Precision: 0.7612, Recall: 0.7213, F1: 0.7379, QWK: 0.9052
2026-09-10 17:44:52,096 - src.training.trainer - INFO - SWA updated (n=14)
2026-09-10 17:46:20,940 - src.training.trainer - INFO - Epoch 65/80
2026-09-10 17:46:20,940 - src.training.trainer - INFO - [Train] Loss: 0.2904, Acc: 0.9119, Precision: 0.9125, Recall: 0.9127, F1: 0.9116, QWK: 0.9120
2026-09-10 17:46:20,940 - src.training.trainer - INFO - [Val] Loss: 0.9444, Acc: 0.8643, Precision: 0.7762, Recall: 0.7177, F1: 0.7409, QWK: 0.9086
2026-09-10 17:46:20,951 - src.training.trainer - INFO - SWA updated (n=15)
2026-09-10 17:47:45,754 - src.training.trainer - INFO - Epoch 66/80
2026-09-10 17:47:45,754 - src.training.trainer - INFO - [Train] Loss: 0.3068, Acc: 0.9115, Precision: 0.9138, Recall: 0.9115, F1: 0.9116, QWK: 0.8976
2026-09-10 17:47:45,754 - src.training.trainer - INFO - [Val] Loss: 0.8991, Acc: 0.8659, Precision: 0.7688, Recall: 0.7285, F1: 0.7453, QWK: 0.9072
2026-09-10 17:47:45,765 - src.training.trainer - INFO - SWA updated (n=16)
2026-09-10 17:49:08,610 - src.training.trainer - INFO - Epoch 67/80
2026-09-10 17:49:08,610 - src.training.trainer - INFO - [Train] Loss: 0.3088, Acc: 0.9054, Precision: 0.9082, Recall: 0.9057, F1: 0.9056, QWK: 0.8744
2026-09-10 17:49:08,610 - src.training.trainer - INFO - [Val] Loss: 0.8883, Acc: 0.8674, Precision: 0.7838, Recall: 0.7185, F1: 0.7441, QWK: 0.9118
2026-09-10 17:49:08,621 - src.training.trainer - INFO - SWA updated (n=17)
2026-09-10 17:50:31,927 - src.training.trainer - INFO - Epoch 68/80
2026-09-10 17:50:31,927 - src.training.trainer - INFO - [Train] Loss: 0.2348, Acc: 0.9240, Precision: 0.9269, Recall: 0.9237, F1: 0.9240, QWK: 0.9064
2026-09-10 17:50:31,927 - src.training.trainer - INFO - [Val] Loss: 0.9659, Acc: 0.8659, Precision: 0.7797, Recall: 0.7174, F1: 0.7419, QWK: 0.9089
2026-09-10 17:50:31,938 - src.training.trainer - INFO - SWA updated (n=18)
2026-09-10 17:51:54,485 - src.training.trainer - INFO - Epoch 69/80
2026-09-10 17:51:54,486 - src.training.trainer - INFO - [Train] Loss: 0.2585, Acc: 0.9157, Precision: 0.9175, Recall: 0.9160, F1: 0.9159, QWK: 0.8942
2026-09-10 17:51:54,486 - src.training.trainer - INFO - [Val] Loss: 0.8991, Acc: 0.8674, Precision: 0.7856, Recall: 0.7259, F1: 0.7494, QWK: 0.9095
2026-09-10 17:51:54,497 - src.training.trainer - INFO - SWA updated (n=19)
2026-09-10 17:51:54,497 - src.training.trainer - INFO - Early stopping triggered after 69 epochs.
2026-09-10 17:51:54,497 - src.training.trainer - INFO - Updating SWA BatchNorm statistics...
2026-09-10 17:53:01,229 - src.training.trainer - INFO - [SWA Val] Loss: 1.0580, Acc: 0.8582, QWK: 0.9062
2026-09-10 17:53:01,535 - root - INFO - 
============================================================
2026-09-10 17:53:01,535 - root - INFO - Training Fold 3/5
2026-09-10 17:53:01,535 - root - INFO - ============================================================
2026-09-10 17:53:08,734 - timm.models._builder - INFO - Loading pretrained weights from Hugging Face hub (timm/swinv2_large_window12to16_192to256.ms_in22k_ft_in1k)
2026-09-10 17:53:08,742 - timm.models._hub - INFO - [timm/swinv2_large_window12to16_192to256.ms_in22k_ft_in1k] Safe alternative available for 'pytorch_model.bin' (as 'model.safetensors'). Loading weights using safetensors.
2026-09-10 17:53:09,794 - timm.models._builder - INFO - Missing keys (head.fc.weight, head.fc.bias) discovered while loading pretrained weights. This is expected if model is being adapted.
2026-09-10 17:53:11,509 - src.training.trainer - INFO - Starting training...
2026-09-10 17:53:11,509 - src.training.trainer - INFO - Training Fold 3
2026-09-10 17:54:35,208 - src.training.trainer - INFO - Epoch 1/80
2026-09-10 17:54:35,208 - src.training.trainer - INFO - [Train] Loss: 3.1241, Acc: 0.3370, Precision: 0.3177, Recall: 0.3336, F1: 0.3212, QWK: 0.2980
2026-09-10 17:54:35,208 - src.training.trainer - INFO - [Val] Loss: 1.2732, Acc: 0.5655, Precision: 0.3455, Recall: 0.5151, F1: 0.3860, QWK: 0.7176
2026-09-10 17:54:36,335 - src.training.trainer - INFO - New best model saved at epoch 1 with QWK 0.7176
2026-09-10 17:56:00,034 - src.training.trainer - INFO - Epoch 2/80
2026-09-10 17:56:00,034 - src.training.trainer - INFO - [Train] Loss: 2.3053, Acc: 0.4810, Precision: 0.4967, Recall: 0.4850, F1: 0.4436, QWK: 0.6386
2026-09-10 17:56:00,034 - src.training.trainer - INFO - [Val] Loss: 1.0276, Acc: 0.5793, Precision: 0.5536, Recall: 0.5562, F1: 0.4171, QWK: 0.7586
2026-09-10 17:56:01,203 - src.training.trainer - INFO - New best model saved at epoch 2 with QWK 0.7586
2026-09-10 17:57:24,690 - src.training.trainer - INFO - Epoch 3/80
2026-09-10 17:57:24,691 - src.training.trainer - INFO - [Train] Loss: 1.9735, Acc: 0.5084, Precision: 0.5944, Recall: 0.5044, F1: 0.4666, QWK: 0.6288
2026-09-10 17:57:24,691 - src.training.trainer - INFO - [Val] Loss: 1.1136, Acc: 0.6204, Precision: 0.5793, Recall: 0.5474, F1: 0.4624, QWK: 0.7264
2026-09-10 17:58:47,894 - src.training.trainer - INFO - Epoch 4/80
2026-09-10 17:58:47,894 - src.training.trainer - INFO - [Train] Loss: 1.8533, Acc: 0.5239, Precision: 0.5771, Recall: 0.5220, F1: 0.4861, QWK: 0.6178
2026-09-10 17:58:47,894 - src.training.trainer - INFO - [Val] Loss: 1.0556, Acc: 0.5000, Precision: 0.5755, Recall: 0.5589, F1: 0.4064, QWK: 0.7888
2026-09-10 17:58:49,051 - src.training.trainer - INFO - New best model saved at epoch 4 with QWK 0.7888
2026-09-10 18:00:12,731 - src.training.trainer - INFO - Epoch 5/80
2026-09-10 18:00:12,732 - src.training.trainer - INFO - [Train] Loss: 1.6368, Acc: 0.5707, Precision: 0.6281, Recall: 0.5656, F1: 0.5319, QWK: 0.6774
2026-09-10 18:00:12,732 - src.training.trainer - INFO - [Val] Loss: 1.2355, Acc: 0.5930, Precision: 0.6161, Recall: 0.5635, F1: 0.4222, QWK: 0.8286
2026-09-10 18:00:13,935 - src.training.trainer - INFO - New best model saved at epoch 5 with QWK 0.8286
2026-09-10 18:01:37,090 - src.training.trainer - INFO - Epoch 6/80
2026-09-10 18:01:37,091 - src.training.trainer - INFO - [Train] Loss: 1.3882, Acc: 0.6087, Precision: 0.6604, Recall: 0.6101, F1: 0.5822, QWK: 0.7117
2026-09-10 18:01:37,091 - src.training.trainer - INFO - [Val] Loss: 0.9701, Acc: 0.6433, Precision: 0.5627, Recall: 0.6020, F1: 0.4882, QWK: 0.7749
2026-09-10 18:03:00,748 - src.training.trainer - INFO - Epoch 7/80
2026-09-10 18:03:00,749 - src.training.trainer - INFO - [Train] Loss: 1.3011, Acc: 0.6353, Precision: 0.6897, Recall: 0.6322, F1: 0.6045, QWK: 0.7268
2026-09-10 18:03:00,749 - src.training.trainer - INFO - [Val] Loss: 0.9738, Acc: 0.6601, Precision: 0.5906, Recall: 0.5944, F1: 0.4986, QWK: 0.8266
2026-09-10 18:04:26,883 - src.training.trainer - INFO - Epoch 8/80
2026-09-10 18:04:26,883 - src.training.trainer - INFO - [Train] Loss: 1.0717, Acc: 0.6919, Precision: 0.7280, Recall: 0.6858, F1: 0.6648, QWK: 0.7824
2026-09-10 18:04:26,883 - src.training.trainer - INFO - [Val] Loss: 0.8198, Acc: 0.7530, Precision: 0.6104, Recall: 0.6760, F1: 0.6140, QWK: 0.8440
2026-09-10 18:04:28,100 - src.training.trainer - INFO - New best model saved at epoch 8 with QWK 0.8440
2026-09-10 18:05:52,573 - src.training.trainer - INFO - Epoch 9/80
2026-09-10 18:05:52,574 - src.training.trainer - INFO - [Train] Loss: 1.1073, Acc: 0.6679, Precision: 0.7035, Recall: 0.6708, F1: 0.6454, QWK: 0.7552
2026-09-10 18:05:52,574 - src.training.trainer - INFO - [Val] Loss: 1.0089, Acc: 0.6479, Precision: 0.5636, Recall: 0.6116, F1: 0.4943, QWK: 0.8121
2026-09-10 18:07:16,510 - src.training.trainer - INFO - Epoch 10/80
2026-09-10 18:07:16,510 - src.training.trainer - INFO - [Train] Loss: 1.0665, Acc: 0.6816, Precision: 0.7250, Recall: 0.6856, F1: 0.6577, QWK: 0.7643
2026-09-10 18:07:16,510 - src.training.trainer - INFO - [Val] Loss: 0.7793, Acc: 0.7180, Precision: 0.6237, Recall: 0.7109, F1: 0.5947, QWK: 0.8424
2026-09-10 18:08:39,839 - src.training.trainer - INFO - Epoch 11/80
2026-09-10 18:08:39,839 - src.training.trainer - INFO - [Train] Loss: 1.0078, Acc: 0.6869, Precision: 0.7269, Recall: 0.6893, F1: 0.6632, QWK: 0.7609
2026-09-10 18:08:39,839 - src.training.trainer - INFO - [Val] Loss: 0.9559, Acc: 0.6616, Precision: 0.5622, Recall: 0.6169, F1: 0.4996, QWK: 0.8008
2026-09-10 18:10:04,062 - src.training.trainer - INFO - Epoch 12/80
2026-09-10 18:10:04,062 - src.training.trainer - INFO - [Train] Loss: 0.9030, Acc: 0.7344, Precision: 0.7661, Recall: 0.7259, F1: 0.7067, QWK: 0.8139
2026-09-10 18:10:04,062 - src.training.trainer - INFO - [Val] Loss: 0.6915, Acc: 0.7820, Precision: 0.6416, Recall: 0.7103, F1: 0.6533, QWK: 0.8754
2026-09-10 18:10:05,222 - src.training.trainer - INFO - New best model saved at epoch 12 with QWK 0.8754
2026-09-10 18:11:29,065 - src.training.trainer - INFO - Epoch 13/80
2026-09-10 18:11:29,066 - src.training.trainer - INFO - [Train] Loss: 0.8484, Acc: 0.7451, Precision: 0.7704, Recall: 0.7446, F1: 0.7283, QWK: 0.8123
2026-09-10 18:11:29,066 - src.training.trainer - INFO - [Val] Loss: 0.7443, Acc: 0.7774, Precision: 0.6397, Recall: 0.6940, F1: 0.6462, QWK: 0.8826
2026-09-10 18:11:30,243 - src.training.trainer - INFO - New best model saved at epoch 13 with QWK 0.8826
2026-09-10 18:12:54,680 - src.training.trainer - INFO - Epoch 14/80
2026-09-10 18:12:54,680 - src.training.trainer - INFO - [Train] Loss: 0.6637, Acc: 0.7838, Precision: 0.8001, Recall: 0.7818, F1: 0.7686, QWK: 0.8478
2026-09-10 18:12:54,680 - src.training.trainer - INFO - [Val] Loss: 0.7709, Acc: 0.7363, Precision: 0.6305, Recall: 0.7092, F1: 0.6111, QWK: 0.8634
2026-09-10 18:14:18,447 - src.training.trainer - INFO - Epoch 15/80
2026-09-10 18:14:18,447 - src.training.trainer - INFO - [Train] Loss: 0.7816, Acc: 0.7595, Precision: 0.7785, Recall: 0.7535, F1: 0.7396, QWK: 0.8036
2026-09-10 18:14:18,447 - src.training.trainer - INFO - [Val] Loss: 0.7021, Acc: 0.7759, Precision: 0.6558, Recall: 0.7080, F1: 0.6553, QWK: 0.8864
2026-09-10 18:14:19,648 - src.training.trainer - INFO - New best model saved at epoch 15 with QWK 0.8864
2026-09-10 18:15:43,708 - src.training.trainer - INFO - Epoch 16/80
2026-09-10 18:15:43,709 - src.training.trainer - INFO - [Train] Loss: 0.7421, Acc: 0.7789, Precision: 0.8019, Recall: 0.7748, F1: 0.7667, QWK: 0.8250
2026-09-10 18:15:43,709 - src.training.trainer - INFO - [Val] Loss: 0.6802, Acc: 0.7896, Precision: 0.6591, Recall: 0.7108, F1: 0.6680, QWK: 0.8831
2026-09-10 18:17:07,526 - src.training.trainer - INFO - Epoch 17/80
2026-09-10 18:17:07,526 - src.training.trainer - INFO - [Train] Loss: 0.6835, Acc: 0.7937, Precision: 0.8037, Recall: 0.7907, F1: 0.7812, QWK: 0.8375
2026-09-10 18:17:07,526 - src.training.trainer - INFO - [Val] Loss: 0.7142, Acc: 0.7942, Precision: 0.6649, Recall: 0.7115, F1: 0.6706, QWK: 0.8941
2026-09-10 18:17:08,711 - src.training.trainer - INFO - New best model saved at epoch 17 with QWK 0.8941
2026-09-10 18:18:32,423 - src.training.trainer - INFO - Epoch 18/80
2026-09-10 18:18:32,424 - src.training.trainer - INFO - [Train] Loss: 0.6436, Acc: 0.7869, Precision: 0.8076, Recall: 0.7852, F1: 0.7760, QWK: 0.8367
2026-09-10 18:18:32,424 - src.training.trainer - INFO - [Val] Loss: 0.7529, Acc: 0.8079, Precision: 0.6810, Recall: 0.7113, F1: 0.6801, QWK: 0.9025
2026-09-10 18:18:33,632 - src.training.trainer - INFO - New best model saved at epoch 18 with QWK 0.9025
2026-09-10 18:19:57,110 - src.training.trainer - INFO - Epoch 19/80
2026-09-10 18:19:57,110 - src.training.trainer - INFO - [Train] Loss: 0.6613, Acc: 0.7994, Precision: 0.8149, Recall: 0.8027, F1: 0.7943, QWK: 0.8545
2026-09-10 18:19:57,110 - src.training.trainer - INFO - [Val] Loss: 0.7732, Acc: 0.8171, Precision: 0.6819, Recall: 0.6836, F1: 0.6779, QWK: 0.8999
2026-09-10 18:21:21,256 - src.training.trainer - INFO - Epoch 20/80
2026-09-10 18:21:21,257 - src.training.trainer - INFO - [Train] Loss: 0.7283, Acc: 0.8165, Precision: 0.8302, Recall: 0.8149, F1: 0.8095, QWK: 0.8599
2026-09-10 18:21:21,257 - src.training.trainer - INFO - [Val] Loss: 0.6985, Acc: 0.7835, Precision: 0.6541, Recall: 0.7190, F1: 0.6615, QWK: 0.8804
2026-09-10 18:22:45,193 - src.training.trainer - INFO - Epoch 21/80
2026-09-10 18:22:45,193 - src.training.trainer - INFO - [Train] Loss: 0.6243, Acc: 0.8150, Precision: 0.8325, Recall: 0.8114, F1: 0.8076, QWK: 0.8579
2026-09-10 18:22:45,193 - src.training.trainer - INFO - [Val] Loss: 0.7181, Acc: 0.8110, Precision: 0.6833, Recall: 0.7331, F1: 0.6912, QWK: 0.8942
2026-09-10 18:24:09,612 - src.training.trainer - INFO - Epoch 22/80
2026-09-10 18:24:09,613 - src.training.trainer - INFO - [Train] Loss: 0.5354, Acc: 0.8283, Precision: 0.8396, Recall: 0.8297, F1: 0.8235, QWK: 0.8626
2026-09-10 18:24:09,613 - src.training.trainer - INFO - [Val] Loss: 0.7931, Acc: 0.8186, Precision: 0.6932, Recall: 0.7064, F1: 0.6914, QWK: 0.9043
2026-09-10 18:24:10,817 - src.training.trainer - INFO - New best model saved at epoch 22 with QWK 0.9043
2026-09-10 18:25:34,334 - src.training.trainer - INFO - Epoch 23/80
2026-09-10 18:25:34,334 - src.training.trainer - INFO - [Train] Loss: 0.5262, Acc: 0.8328, Precision: 0.8445, Recall: 0.8354, F1: 0.8298, QWK: 0.8750
2026-09-10 18:25:34,334 - src.training.trainer - INFO - [Val] Loss: 0.7502, Acc: 0.8201, Precision: 0.6876, Recall: 0.7149, F1: 0.6947, QWK: 0.9047
2026-09-10 18:25:35,534 - src.training.trainer - INFO - New best model saved at epoch 23 with QWK 0.9047
2026-09-10 18:26:59,625 - src.training.trainer - INFO - Epoch 24/80
2026-09-10 18:26:59,625 - src.training.trainer - INFO - [Train] Loss: 0.6181, Acc: 0.8427, Precision: 0.8519, Recall: 0.8383, F1: 0.8348, QWK: 0.8893
2026-09-10 18:26:59,625 - src.training.trainer - INFO - [Val] Loss: 0.7962, Acc: 0.8140, Precision: 0.6818, Recall: 0.6953, F1: 0.6797, QWK: 0.9054
2026-09-10 18:27:00,837 - src.training.trainer - INFO - New best model saved at epoch 24 with QWK 0.9054
2026-09-10 18:28:24,470 - src.training.trainer - INFO - Epoch 25/80
2026-09-10 18:28:24,470 - src.training.trainer - INFO - [Train] Loss: 0.5067, Acc: 0.8511, Precision: 0.8594, Recall: 0.8492, F1: 0.8476, QWK: 0.8868
2026-09-10 18:28:24,470 - src.training.trainer - INFO - [Val] Loss: 0.8038, Acc: 0.8095, Precision: 0.6828, Recall: 0.7024, F1: 0.6824, QWK: 0.9015
2026-09-10 18:29:48,237 - src.training.trainer - INFO - Epoch 26/80
2026-09-10 18:29:48,238 - src.training.trainer - INFO - [Train] Loss: 0.6098, Acc: 0.8226, Precision: 0.8341, Recall: 0.8216, F1: 0.8174, QWK: 0.8510
2026-09-10 18:29:48,238 - src.training.trainer - INFO - [Val] Loss: 0.7814, Acc: 0.8216, Precision: 0.6945, Recall: 0.7091, F1: 0.6954, QWK: 0.9069
2026-09-10 18:29:49,421 - src.training.trainer - INFO - New best model saved at epoch 26 with QWK 0.9069
2026-09-10 18:31:13,344 - src.training.trainer - INFO - Epoch 27/80
2026-09-10 18:31:13,344 - src.training.trainer - INFO - [Train] Loss: 0.5720, Acc: 0.8195, Precision: 0.8296, Recall: 0.8191, F1: 0.8156, QWK: 0.8442
2026-09-10 18:31:13,344 - src.training.trainer - INFO - [Val] Loss: 0.7773, Acc: 0.8079, Precision: 0.6753, Recall: 0.7246, F1: 0.6851, QWK: 0.9034
2026-09-10 18:32:37,549 - src.training.trainer - INFO - Epoch 28/80
2026-09-10 18:32:37,550 - src.training.trainer - INFO - [Train] Loss: 0.5564, Acc: 0.8583, Precision: 0.8638, Recall: 0.8618, F1: 0.8577, QWK: 0.8909
2026-09-10 18:32:37,550 - src.training.trainer - INFO - [Val] Loss: 0.7651, Acc: 0.8171, Precision: 0.6875, Recall: 0.7099, F1: 0.6890, QWK: 0.9088
2026-09-10 18:32:38,722 - src.training.trainer - INFO - New best model saved at epoch 28 with QWK 0.9088
2026-09-10 18:34:02,622 - src.training.trainer - INFO - Epoch 29/80
2026-09-10 18:34:02,623 - src.training.trainer - INFO - [Train] Loss: 0.4867, Acc: 0.8438, Precision: 0.8533, Recall: 0.8462, F1: 0.8416, QWK: 0.8670
2026-09-10 18:34:02,623 - src.training.trainer - INFO - [Val] Loss: 0.7593, Acc: 0.8110, Precision: 0.6785, Recall: 0.7043, F1: 0.6805, QWK: 0.9032
2026-09-10 18:35:26,962 - src.training.trainer - INFO - Epoch 30/80
2026-09-10 18:35:26,962 - src.training.trainer - INFO - [Train] Loss: 0.4088, Acc: 0.8758, Precision: 0.8792, Recall: 0.8772, F1: 0.8744, QWK: 0.9111
2026-09-10 18:35:26,962 - src.training.trainer - INFO - [Val] Loss: 0.7725, Acc: 0.8232, Precision: 0.6973, Recall: 0.6918, F1: 0.6880, QWK: 0.9103
2026-09-10 18:35:28,117 - src.training.trainer - INFO - New best model saved at epoch 30 with QWK 0.9103
2026-09-10 18:36:52,343 - src.training.trainer - INFO - Epoch 31/80
2026-09-10 18:36:52,343 - src.training.trainer - INFO - [Train] Loss: 0.4730, Acc: 0.8678, Precision: 0.8738, Recall: 0.8667, F1: 0.8657, QWK: 0.8871
2026-09-10 18:36:52,343 - src.training.trainer - INFO - [Val] Loss: 0.7290, Acc: 0.8262, Precision: 0.7009, Recall: 0.7035, F1: 0.6982, QWK: 0.9082
2026-09-10 18:38:17,051 - src.training.trainer - INFO - Epoch 32/80
2026-09-10 18:38:17,052 - src.training.trainer - INFO - [Train] Loss: 0.4866, Acc: 0.8590, Precision: 0.8636, Recall: 0.8594, F1: 0.8566, QWK: 0.8938
2026-09-10 18:38:17,052 - src.training.trainer - INFO - [Val] Loss: 0.7866, Acc: 0.8201, Precision: 0.6951, Recall: 0.6950, F1: 0.6898, QWK: 0.9091
2026-09-10 18:39:40,882 - src.training.trainer - INFO - Epoch 33/80
2026-09-10 18:39:40,882 - src.training.trainer - INFO - [Train] Loss: 0.4455, Acc: 0.8796, Precision: 0.8832, Recall: 0.8797, F1: 0.8790, QWK: 0.9102
2026-09-10 18:39:40,882 - src.training.trainer - INFO - [Val] Loss: 0.8215, Acc: 0.8110, Precision: 0.6754, Recall: 0.6606, F1: 0.6619, QWK: 0.9021
2026-09-10 18:41:04,983 - src.training.trainer - INFO - Epoch 34/80
2026-09-10 18:41:04,983 - src.training.trainer - INFO - [Train] Loss: 0.4716, Acc: 0.8663, Precision: 0.8676, Recall: 0.8657, F1: 0.8640, QWK: 0.8765
2026-09-10 18:41:04,983 - src.training.trainer - INFO - [Val] Loss: 0.7852, Acc: 0.8125, Precision: 0.6800, Recall: 0.6863, F1: 0.6778, QWK: 0.9038
2026-09-10 18:42:28,727 - src.training.trainer - INFO - Epoch 35/80
2026-09-10 18:42:28,728 - src.training.trainer - INFO - [Train] Loss: 0.4665, Acc: 0.8632, Precision: 0.8687, Recall: 0.8622, F1: 0.8614, QWK: 0.8625
2026-09-10 18:42:28,728 - src.training.trainer - INFO - [Val] Loss: 0.8135, Acc: 0.8095, Precision: 0.6819, Recall: 0.6816, F1: 0.6735, QWK: 0.9019
2026-09-10 18:43:52,271 - src.training.trainer - INFO - Epoch 36/80
2026-09-10 18:43:52,271 - src.training.trainer - INFO - [Train] Loss: 0.4814, Acc: 0.8940, Precision: 0.8989, Recall: 0.8924, F1: 0.8931, QWK: 0.9088
2026-09-10 18:43:52,271 - src.training.trainer - INFO - [Val] Loss: 0.8264, Acc: 0.8155, Precision: 0.6770, Recall: 0.6668, F1: 0.6681, QWK: 0.9006
2026-09-10 18:45:16,638 - src.training.trainer - INFO - Epoch 37/80
2026-09-10 18:45:16,638 - src.training.trainer - INFO - [Train] Loss: 0.4240, Acc: 0.8891, Precision: 0.8917, Recall: 0.8894, F1: 0.8885, QWK: 0.9138
2026-09-10 18:45:16,638 - src.training.trainer - INFO - [Val] Loss: 0.8052, Acc: 0.8232, Precision: 0.7013, Recall: 0.6919, F1: 0.6894, QWK: 0.9054
2026-09-10 18:46:40,735 - src.training.trainer - INFO - Epoch 38/80
2026-09-10 18:46:40,735 - src.training.trainer - INFO - [Train] Loss: 0.3483, Acc: 0.8868, Precision: 0.8898, Recall: 0.8872, F1: 0.8868, QWK: 0.8875
2026-09-10 18:46:40,735 - src.training.trainer - INFO - [Val] Loss: 0.7790, Acc: 0.8155, Precision: 0.6853, Recall: 0.6930, F1: 0.6811, QWK: 0.9034
2026-09-10 18:48:05,107 - src.training.trainer - INFO - Epoch 39/80
2026-09-10 18:48:05,108 - src.training.trainer - INFO - [Train] Loss: 0.3574, Acc: 0.9100, Precision: 0.9125, Recall: 0.9100, F1: 0.9102, QWK: 0.9207
2026-09-10 18:48:05,108 - src.training.trainer - INFO - [Val] Loss: 0.8061, Acc: 0.8171, Precision: 0.6859, Recall: 0.6838, F1: 0.6788, QWK: 0.9021
2026-09-10 18:49:29,831 - src.training.trainer - INFO - Epoch 40/80
2026-09-10 18:49:29,831 - src.training.trainer - INFO - [Train] Loss: 0.3797, Acc: 0.8879, Precision: 0.8904, Recall: 0.8877, F1: 0.8875, QWK: 0.8935
2026-09-10 18:49:29,831 - src.training.trainer - INFO - [Val] Loss: 0.8533, Acc: 0.8216, Precision: 0.7024, Recall: 0.6876, F1: 0.6863, QWK: 0.9063
2026-09-10 18:50:53,376 - src.training.trainer - INFO - Epoch 41/80
2026-09-10 18:50:53,376 - src.training.trainer - INFO - [Train] Loss: 0.4166, Acc: 0.8974, Precision: 0.9001, Recall: 0.8977, F1: 0.8973, QWK: 0.8969
2026-09-10 18:50:53,376 - src.training.trainer - INFO - [Val] Loss: 0.8711, Acc: 0.8277, Precision: 0.7101, Recall: 0.6879, F1: 0.6911, QWK: 0.9079
2026-09-10 18:52:16,952 - src.training.trainer - INFO - Epoch 42/80
2026-09-10 18:52:16,954 - src.training.trainer - INFO - [Train] Loss: 0.4032, Acc: 0.9050, Precision: 0.9090, Recall: 0.9048, F1: 0.9051, QWK: 0.9230
2026-09-10 18:52:16,954 - src.training.trainer - INFO - [Val] Loss: 0.8070, Acc: 0.8293, Precision: 0.7121, Recall: 0.6950, F1: 0.6963, QWK: 0.9080
