2026-07-25 15:24:23,884 - root - INFO - Starting execution in mode: train, ablation: proposed
2026-07-25 15:24:23,975 - root - INFO - Using device: cuda
2026-07-25 15:24:24,787 - timm.models._builder - INFO - Loading pretrained weights from Hugging Face hub (timm/swinv2_base_window12to16_192to256.ms_in22k_ft_in1k)
2026-07-25 15:24:26,264 - httpx - INFO - HTTP Request: HEAD https://huggingface.co/timm/swinv2_base_window12to16_192to256.ms_in22k_ft_in1k/resolve/main/model.safetensors "HTTP/1.1 302 Found"
2026-07-25 15:24:26,264 - huggingface_hub.utils._http - WARNING - Warning: You are sending unauthenticated requests to the HF Hub. Please set a HF_TOKEN to enable higher rate limits and faster downloads.
2026-07-25 15:24:26,266 - timm.models._hub - INFO - [timm/swinv2_base_window12to16_192to256.ms_in22k_ft_in1k] Safe alternative available for 'pytorch_model.bin' (as 'model.safetensors'). Loading weights using safetensors.
2026-07-25 15:24:26,580 - timm.models._builder - INFO - Missing keys (head.fc.weight, head.fc.bias) discovered while loading pretrained weights. This is expected if model is being adapted.
2026-07-25 15:24:27,228 - src.training.trainer - INFO - Starting training...
2026-07-25 15:26:23,215 - src.training.trainer - INFO - Epoch 1/50
2026-07-25 15:26:23,215 - src.training.trainer - INFO - [Train] Loss: 0.9785, Acc: 0.5027, Precision: 0.4034, Recall: 0.4384, F1: 0.3849, QWK: 0.5818
2026-07-25 15:26:23,215 - src.training.trainer - INFO - [Val] Loss: 0.8388, Acc: 0.6667, Precision: 0.5227, Recall: 0.5681, F1: 0.4594, QWK: 0.7813
2026-07-25 15:26:23,596 - src.training.trainer - INFO - New best model saved at epoch 1 with QWK 0.7813
2026-07-25 15:28:16,041 - src.training.trainer - INFO - Epoch 2/50
2026-07-25 15:28:16,041 - src.training.trainer - INFO - [Train] Loss: 0.7819, Acc: 0.6539, Precision: 0.5195, Recall: 0.5760, F1: 0.5096, QWK: 0.7960
2026-07-25 15:28:16,041 - src.training.trainer - INFO - [Val] Loss: 0.6968, Acc: 0.7486, Precision: 0.6060, Recall: 0.6595, F1: 0.6102, QWK: 0.8429
2026-07-25 15:28:16,451 - src.training.trainer - INFO - New best model saved at epoch 2 with QWK 0.8429
2026-07-25 15:30:08,857 - src.training.trainer - INFO - Epoch 3/50
2026-07-25 15:30:08,858 - src.training.trainer - INFO - [Train] Loss: 0.7315, Acc: 0.6980, Precision: 0.5592, Recall: 0.6237, F1: 0.5578, QWK: 0.8143
2026-07-25 15:30:08,858 - src.training.trainer - INFO - [Val] Loss: 0.7186, Acc: 0.7650, Precision: 0.6160, Recall: 0.6719, F1: 0.6250, QWK: 0.8684
2026-07-25 15:30:09,356 - src.training.trainer - INFO - New best model saved at epoch 3 with QWK 0.8684
2026-07-25 15:32:00,482 - src.training.trainer - INFO - Epoch 4/50
2026-07-25 15:32:00,482 - src.training.trainer - INFO - [Train] Loss: 0.7462, Acc: 0.6792, Precision: 0.5436, Recall: 0.5988, F1: 0.5378, QWK: 0.8017
2026-07-25 15:32:00,482 - src.training.trainer - INFO - [Val] Loss: 0.6987, Acc: 0.7678, Precision: 0.6290, Recall: 0.6731, F1: 0.6324, QWK: 0.8698
2026-07-25 15:32:00,856 - src.training.trainer - INFO - New best model saved at epoch 4 with QWK 0.8698
2026-07-25 15:33:54,695 - src.training.trainer - INFO - Epoch 5/50
2026-07-25 15:33:54,695 - src.training.trainer - INFO - [Train] Loss: 0.7106, Acc: 0.7116, Precision: 0.5637, Recall: 0.6230, F1: 0.5670, QWK: 0.8221
2026-07-25 15:33:54,695 - src.training.trainer - INFO - [Val] Loss: 0.6571, Acc: 0.7896, Precision: 0.6534, Recall: 0.7040, F1: 0.6658, QWK: 0.8718
2026-07-25 15:33:55,101 - src.training.trainer - INFO - New best model saved at epoch 5 with QWK 0.8718
2026-07-25 15:35:44,535 - src.training.trainer - INFO - Epoch 6/50
2026-07-25 15:35:44,535 - src.training.trainer - INFO - [Train] Loss: 0.7033, Acc: 0.7300, Precision: 0.5764, Recall: 0.6383, F1: 0.5866, QWK: 0.8314
2026-07-25 15:35:44,535 - src.training.trainer - INFO - [Val] Loss: 0.6925, Acc: 0.8033, Precision: 0.6737, Recall: 0.7208, F1: 0.6866, QWK: 0.8842
2026-07-25 15:35:44,969 - src.training.trainer - INFO - New best model saved at epoch 6 with QWK 0.8842
2026-07-25 15:37:36,774 - src.training.trainer - INFO - Epoch 7/50
2026-07-25 15:37:36,775 - src.training.trainer - INFO - [Train] Loss: 0.6502, Acc: 0.7519, Precision: 0.6132, Recall: 0.6823, F1: 0.6218, QWK: 0.8581
2026-07-25 15:37:36,775 - src.training.trainer - INFO - [Val] Loss: 0.6861, Acc: 0.7869, Precision: 0.6438, Recall: 0.6959, F1: 0.6552, QWK: 0.8838
2026-07-25 15:39:33,638 - src.training.trainer - INFO - Epoch 8/50
2026-07-25 15:39:33,638 - src.training.trainer - INFO - [Train] Loss: 0.5723, Acc: 0.7706, Precision: 0.6342, Recall: 0.7020, F1: 0.6460, QWK: 0.8621
2026-07-25 15:39:33,639 - src.training.trainer - INFO - [Val] Loss: 0.6159, Acc: 0.7896, Precision: 0.6524, Recall: 0.7029, F1: 0.6616, QWK: 0.8907
2026-07-25 15:39:34,063 - src.training.trainer - INFO - New best model saved at epoch 8 with QWK 0.8907
2026-07-25 15:41:29,055 - src.training.trainer - INFO - Epoch 9/50
2026-07-25 15:41:29,055 - src.training.trainer - INFO - [Train] Loss: 0.5723, Acc: 0.7785, Precision: 0.6393, Recall: 0.7087, F1: 0.6563, QWK: 0.8688
2026-07-25 15:41:29,055 - src.training.trainer - INFO - [Val] Loss: 0.6194, Acc: 0.8005, Precision: 0.6647, Recall: 0.7083, F1: 0.6761, QWK: 0.8940
2026-07-25 15:41:29,454 - src.training.trainer - INFO - New best model saved at epoch 9 with QWK 0.8940
2026-07-25 15:43:24,489 - src.training.trainer - INFO - Epoch 10/50
2026-07-25 15:43:24,489 - src.training.trainer - INFO - [Train] Loss: 0.5420, Acc: 0.7949, Precision: 0.6557, Recall: 0.7195, F1: 0.6711, QWK: 0.8871
2026-07-25 15:43:24,489 - src.training.trainer - INFO - [Val] Loss: 0.6131, Acc: 0.8060, Precision: 0.6705, Recall: 0.7163, F1: 0.6833, QWK: 0.9022
2026-07-25 15:43:24,886 - src.training.trainer - INFO - New best model saved at epoch 10 with QWK 0.9022
2026-07-25 15:45:21,817 - src.training.trainer - INFO - Epoch 11/50
2026-07-25 15:45:21,817 - src.training.trainer - INFO - [Train] Loss: 0.5546, Acc: 0.8048, Precision: 0.6650, Recall: 0.7249, F1: 0.6814, QWK: 0.8856
2026-07-25 15:45:21,817 - src.training.trainer - INFO - [Val] Loss: 0.6145, Acc: 0.8033, Precision: 0.6634, Recall: 0.7075, F1: 0.6761, QWK: 0.8940
2026-07-25 15:47:19,232 - src.training.trainer - INFO - Epoch 12/50
2026-07-25 15:47:19,232 - src.training.trainer - INFO - [Train] Loss: 0.5150, Acc: 0.8031, Precision: 0.6690, Recall: 0.7329, F1: 0.6868, QWK: 0.8898
2026-07-25 15:47:19,232 - src.training.trainer - INFO - [Val] Loss: 0.6032, Acc: 0.8197, Precision: 0.6829, Recall: 0.7169, F1: 0.6935, QWK: 0.9073
2026-07-25 15:47:19,617 - src.training.trainer - INFO - New best model saved at epoch 12 with QWK 0.9073
2026-07-25 15:49:15,490 - src.training.trainer - INFO - Epoch 13/50
2026-07-25 15:49:15,490 - src.training.trainer - INFO - [Train] Loss: 0.5033, Acc: 0.8188, Precision: 0.6875, Recall: 0.7454, F1: 0.7041, QWK: 0.9052
2026-07-25 15:49:15,490 - src.training.trainer - INFO - [Val] Loss: 0.6205, Acc: 0.8279, Precision: 0.6927, Recall: 0.7226, F1: 0.7030, QWK: 0.9073
2026-07-25 15:51:12,250 - src.training.trainer - INFO - Epoch 14/50
2026-07-25 15:51:12,251 - src.training.trainer - INFO - [Train] Loss: 0.4781, Acc: 0.8195, Precision: 0.6931, Recall: 0.7610, F1: 0.7139, QWK: 0.9025
2026-07-25 15:51:12,251 - src.training.trainer - INFO - [Val] Loss: 0.6276, Acc: 0.8415, Precision: 0.7192, Recall: 0.7408, F1: 0.7271, QWK: 0.9082
2026-07-25 15:51:12,647 - src.training.trainer - INFO - New best model saved at epoch 14 with QWK 0.9082
2026-07-25 15:53:06,636 - src.training.trainer - INFO - Epoch 15/50
2026-07-25 15:53:06,637 - src.training.trainer - INFO - [Train] Loss: 0.4643, Acc: 0.8246, Precision: 0.6990, Recall: 0.7638, F1: 0.7185, QWK: 0.9106
2026-07-25 15:53:06,637 - src.training.trainer - INFO - [Val] Loss: 0.6192, Acc: 0.8333, Precision: 0.7008, Recall: 0.7286, F1: 0.7123, QWK: 0.9106
2026-07-25 15:53:07,030 - src.training.trainer - INFO - New best model saved at epoch 15 with QWK 0.9106
2026-07-25 15:54:58,753 - src.training.trainer - INFO - Epoch 16/50
2026-07-25 15:54:58,754 - src.training.trainer - INFO - [Train] Loss: 0.4314, Acc: 0.8355, Precision: 0.7123, Recall: 0.7786, F1: 0.7327, QWK: 0.9131
2026-07-25 15:54:58,754 - src.training.trainer - INFO - [Val] Loss: 0.6176, Acc: 0.8333, Precision: 0.7033, Recall: 0.7286, F1: 0.7141, QWK: 0.9034
2026-07-25 15:56:53,630 - src.training.trainer - INFO - Epoch 17/50
2026-07-25 15:56:53,630 - src.training.trainer - INFO - [Train] Loss: 0.4023, Acc: 0.8410, Precision: 0.7238, Recall: 0.7965, F1: 0.7463, QWK: 0.9180
2026-07-25 15:56:53,630 - src.training.trainer - INFO - [Val] Loss: 0.6153, Acc: 0.8333, Precision: 0.6996, Recall: 0.7317, F1: 0.7123, QWK: 0.9131
2026-07-25 15:56:54,027 - src.training.trainer - INFO - New best model saved at epoch 17 with QWK 0.9131
2026-07-25 15:58:46,553 - src.training.trainer - INFO - Epoch 18/50
2026-07-25 15:58:46,553 - src.training.trainer - INFO - [Train] Loss: 0.3982, Acc: 0.8587, Precision: 0.7511, Recall: 0.8143, F1: 0.7730, QWK: 0.9244
2026-07-25 15:58:46,553 - src.training.trainer - INFO - [Val] Loss: 0.6243, Acc: 0.8388, Precision: 0.7067, Recall: 0.7367, F1: 0.7191, QWK: 0.9104
2026-07-25 16:00:41,270 - src.training.trainer - INFO - Epoch 19/50
2026-07-25 16:00:41,271 - src.training.trainer - INFO - [Train] Loss: 0.3499, Acc: 0.8693, Precision: 0.7679, Recall: 0.8277, F1: 0.7896, QWK: 0.9282
2026-07-25 16:00:41,271 - src.training.trainer - INFO - [Val] Loss: 0.6328, Acc: 0.8333, Precision: 0.7000, Recall: 0.7298, F1: 0.7123, QWK: 0.9089
2026-07-25 16:02:35,352 - src.training.trainer - INFO - Epoch 20/50
2026-07-25 16:02:35,352 - src.training.trainer - INFO - [Train] Loss: 0.3743, Acc: 0.8662, Precision: 0.7579, Recall: 0.8179, F1: 0.7810, QWK: 0.9234
2026-07-25 16:02:35,352 - src.training.trainer - INFO - [Val] Loss: 0.6392, Acc: 0.8388, Precision: 0.7128, Recall: 0.7439, F1: 0.7257, QWK: 0.9098
2026-07-25 16:04:34,281 - src.training.trainer - INFO - Epoch 21/50
2026-07-25 16:04:34,281 - src.training.trainer - INFO - [Train] Loss: 0.3546, Acc: 0.8717, Precision: 0.7704, Recall: 0.8320, F1: 0.7931, QWK: 0.9283
2026-07-25 16:04:34,282 - src.training.trainer - INFO - [Val] Loss: 0.6533, Acc: 0.8224, Precision: 0.6840, Recall: 0.7169, F1: 0.6969, QWK: 0.9054
2026-07-25 16:06:28,226 - src.training.trainer - INFO - Epoch 22/50
2026-07-25 16:06:28,226 - src.training.trainer - INFO - [Train] Loss: 0.3089, Acc: 0.8805, Precision: 0.7860, Recall: 0.8452, F1: 0.8080, QWK: 0.9415
2026-07-25 16:06:28,226 - src.training.trainer - INFO - [Val] Loss: 0.6652, Acc: 0.8361, Precision: 0.7057, Recall: 0.7278, F1: 0.7145, QWK: 0.9098
2026-07-25 16:08:22,200 - src.training.trainer - INFO - Epoch 23/50
2026-07-25 16:08:22,200 - src.training.trainer - INFO - [Train] Loss: 0.3049, Acc: 0.8829, Precision: 0.7891, Recall: 0.8469, F1: 0.8114, QWK: 0.9383
2026-07-25 16:08:22,200 - src.training.trainer - INFO - [Val] Loss: 0.6714, Acc: 0.8388, Precision: 0.7110, Recall: 0.7298, F1: 0.7187, QWK: 0.8995
2026-07-25 16:10:13,369 - src.training.trainer - INFO - Epoch 24/50
2026-07-25 16:10:13,369 - src.training.trainer - INFO - [Train] Loss: 0.3131, Acc: 0.8904, Precision: 0.7967, Recall: 0.8559, F1: 0.8195, QWK: 0.9368
2026-07-25 16:10:13,369 - src.training.trainer - INFO - [Val] Loss: 0.6557, Acc: 0.8415, Precision: 0.7154, Recall: 0.7317, F1: 0.7221, QWK: 0.9000
2026-07-25 16:12:04,580 - src.training.trainer - INFO - Epoch 25/50
2026-07-25 16:12:04,580 - src.training.trainer - INFO - [Train] Loss: 0.2971, Acc: 0.8887, Precision: 0.7975, Recall: 0.8550, F1: 0.8201, QWK: 0.9431
2026-07-25 16:12:04,580 - src.training.trainer - INFO - [Val] Loss: 0.6563, Acc: 0.8388, Precision: 0.7122, Recall: 0.7313, F1: 0.7203, QWK: 0.8991
2026-07-25 16:13:55,709 - src.training.trainer - INFO - Epoch 26/50
2026-07-25 16:13:55,709 - src.training.trainer - INFO - [Train] Loss: 0.2584, Acc: 0.8990, Precision: 0.8141, Recall: 0.8645, F1: 0.8348, QWK: 0.9463
2026-07-25 16:13:55,709 - src.training.trainer - INFO - [Val] Loss: 0.6576, Acc: 0.8333, Precision: 0.7074, Recall: 0.7315, F1: 0.7178, QWK: 0.8977
2026-07-25 16:15:49,261 - src.training.trainer - INFO - Epoch 27/50
2026-07-25 16:15:49,262 - src.training.trainer - INFO - [Train] Loss: 0.2716, Acc: 0.9027, Precision: 0.8201, Recall: 0.8722, F1: 0.8410, QWK: 0.9499
2026-07-25 16:15:49,262 - src.training.trainer - INFO - [Val] Loss: 0.6598, Acc: 0.8361, Precision: 0.7140, Recall: 0.7385, F1: 0.7248, QWK: 0.8970
2026-07-25 16:15:49,262 - src.training.trainer - INFO - Early stopping triggered after 27 epochs.
2026-07-25 16:15:49,557 - root - INFO - Training complete.
